[100%] Built target benchmark-1.5.3
-- Install configuration: "Release"
-- Up-to-date: /opt/ros/humble
-- Up-to-date: /opt/ros/humble/include
-- Up-to-date: /opt/ros/humble/include/benchmark
-- Up-to-date: /opt/ros/humble/include/benchmark/benchmark.h
-- Up-to-date: /opt/ros/humble/lib
-- Up-to-date: /opt/ros/humble/lib/libbenchmark_main.so.1
-- Up-to-date: /opt/ros/humble/lib/pkgconfig
-- Up-to-date: /opt/ros/humble/lib/pkgconfig/benchmark.pc
-- Up-to-date: /opt/ros/humble/lib/cmake
-- Up-to-date: /opt/ros/humble/lib/cmake/benchmark
-- Up-to-date: /opt/ros/humble/lib/cmake/benchmark/benchmarkConfig.cmake
-- Up-to-date: /opt/ros/humble/lib/cmake/benchmark/benchmarkTargets.cmake
-- Up-to-date: /opt/ros/humble/lib/cmake/benchmark/benchmarkTargets-release.cmake
-- Up-to-date: /opt/ros/humble/lib/cmake/benchmark/benchmarkConfigVersion.cmake
-- Up-to-date: /opt/ros/humble/lib/libbenchmark_main.so.1.5.3
-- Up-to-date: /opt/ros/humble/lib/libbenchmark.so.1
-- Up-to-date: /opt/ros/humble/lib/libbenchmark.so.1.5.3
-- Up-to-date: /opt/ros/humble/lib/libbenchmark.so
-- Up-to-date: /opt/ros/humble/lib/libbenchmark_main.so
-- Up-to-date: /opt/ros/humble/share/google_benchmark_vendor/package.xml
