[0.014s] Invoking command in '/workspace/ros2_ws/build/gmock_vendor': CMAKE_PREFIX_PATH=/opt/ros/humble LD_LIBRARY_PATH=/opt/ros/humble/lib PATH=/opt/ros/humble/bin:${PATH} PKG_CONFIG_PATH=/opt/ros/humble/lib/aarch64-linux-gnu/pkgconfig:/opt/ros/humble/lib/pkgconfig PYTHONPATH=/opt/ros/humble/lib/python3.10/site-packages /usr/bin/cmake --build /workspace/ros2_ws/build/gmock_vendor -- -j5 -l5
[0.039s] Invoked command in '/workspace/ros2_ws/build/gmock_vendor' returned '0': CMAKE_PREFIX_PATH=/opt/ros/humble LD_LIBRARY_PATH=/opt/ros/humble/lib PATH=/opt/ros/humble/bin:${PATH} PKG_CONFIG_PATH=/opt/ros/humble/lib/aarch64-linux-gnu/pkgconfig:/opt/ros/humble/lib/pkgconfig PYTHONPATH=/opt/ros/humble/lib/python3.10/site-packages /usr/bin/cmake --build /workspace/ros2_ws/build/gmock_vendor -- -j5 -l5
[0.050s] Invoking command in '/workspace/ros2_ws/build/gmock_vendor': CMAKE_PREFIX_PATH=/opt/ros/humble LD_LIBRARY_PATH=/opt/ros/humble/lib PATH=/opt/ros/humble/bin:${PATH} PKG_CONFIG_PATH=/opt/ros/humble/lib/aarch64-linux-gnu/pkgconfig:/opt/ros/humble/lib/pkgconfig PYTHONPATH=/opt/ros/humble/lib/python3.10/site-packages /usr/bin/cmake --install /workspace/ros2_ws/build/gmock_vendor
[0.056s] -- Install configuration: "Release"
[0.057s] -- Up-to-date: /opt/ros/humble/share/gmock_vendor/cmake/gmock_vendorConfig.cmake
[0.058s] -- Up-to-date: /opt/ros/humble/share/gmock_vendor/package.xml
[0.064s] -- Up-to-date: /opt/ros/humble/src/gmock_vendor/CMakeLists.txt
[0.067s] -- Up-to-date: /opt/ros/humble/src/gmock_vendor/include/gmock
[0.075s] -- Up-to-date: /opt/ros/humble/src/gmock_vendor/include/gmock/gmock-generated-actions.h.pump
[0.076s] -- Up-to-date: /opt/ros/humble/src/gmock_vendor/include/gmock/gmock-generated-function-mockers.h.pump
[0.081s] -- Up-to-date: /opt/ros/humble/src/gmock_vendor/include/gmock/gmock-matchers.h
[0.081s] -- Up-to-date: /opt/ros/humble/src/gmock_vendor/include/gmock/gmock-more-actions.h
[0.085s] -- Up-to-date: /opt/ros/humble/src/gmock_vendor/include/gmock/gmock-generated-matchers.h.pump
[0.089s] -- Up-to-date: /opt/ros/humble/src/gmock_vendor/include/gmock/gmock-generated-actions.h
[0.090s] -- Up-to-date: /opt/ros/humble/src/gmock_vendor/include/gmock/gmock-generated-matchers.h
[0.090s] -- Up-to-date: /opt/ros/humble/src/gmock_vendor/include/gmock/internal
[0.091s] -- Up-to-date: /opt/ros/humble/src/gmock_vendor/include/gmock/internal/gmock-port.h
[0.096s] -- Up-to-date: /opt/ros/humble/src/gmock_vendor/include/gmock/internal/gmock-internal-utils.h
[0.097s] -- Up-to-date: /opt/ros/humble/src/gmock_vendor/include/gmock/internal/gmock-pp.h
[0.100s] -- Up-to-date: /opt/ros/humble/src/gmock_vendor/include/gmock/internal/custom
[0.102s] -- Up-to-date: /opt/ros/humble/src/gmock_vendor/include/gmock/internal/custom/gmock-generated-actions.h.pump
[0.102s] -- Up-to-date: /opt/ros/humble/src/gmock_vendor/include/gmock/internal/custom/gmock-port.h
[0.105s] -- Up-to-date: /opt/ros/humble/src/gmock_vendor/include/gmock/internal/custom/gmock-matchers.h
[0.106s] -- Up-to-date: /opt/ros/humble/src/gmock_vendor/include/gmock/internal/custom/gmock-generated-actions.h
[0.107s] -- Up-to-date: /opt/ros/humble/src/gmock_vendor/include/gmock/internal/custom/README.md
[0.108s] -- Up-to-date: /opt/ros/humble/src/gmock_vendor/include/gmock/gmock-function-mocker.h
[0.108s] -- Up-to-date: /opt/ros/humble/src/gmock_vendor/include/gmock/gmock-more-matchers.h
[0.109s] -- Up-to-date: /opt/ros/humble/src/gmock_vendor/include/gmock/gmock-generated-function-mockers.h
[0.111s] -- Up-to-date: /opt/ros/humble/src/gmock_vendor/include/gmock/gmock-cardinalities.h
[0.112s] -- Up-to-date: /opt/ros/humble/src/gmock_vendor/include/gmock/gmock-spec-builders.h
[0.113s] -- Up-to-date: /opt/ros/humble/src/gmock_vendor/include/gmock/gmock-nice-strict.h
[0.114s] -- Up-to-date: /opt/ros/humble/src/gmock_vendor/include/gmock/gmock.h
[0.116s] -- Up-to-date: /opt/ros/humble/src/gmock_vendor/include/gmock/gmock-actions.h
[0.124s] -- Up-to-date: /opt/ros/humble/src/gmock_vendor/src
[0.125s] -- Up-to-date: /opt/ros/humble/src/gmock_vendor/src/gmock-internal-utils.cc
[0.125s] -- Up-to-date: /opt/ros/humble/src/gmock_vendor/src/gmock-cardinalities.cc
[0.126s] -- Up-to-date: /opt/ros/humble/src/gmock_vendor/src/gmock_main.cc
[0.126s] -- Up-to-date: /opt/ros/humble/src/gmock_vendor/src/gmock-matchers.cc
[0.127s] -- Up-to-date: /opt/ros/humble/src/gmock_vendor/src/gmock-all.cc
[0.128s] -- Up-to-date: /opt/ros/humble/src/gmock_vendor/src/gmock-spec-builders.cc
[0.128s] -- Up-to-date: /opt/ros/humble/src/gmock_vendor/src/gmock.cc
[0.165s] Invoked command in '/workspace/ros2_ws/build/gmock_vendor' returned '0': CMAKE_PREFIX_PATH=/opt/ros/humble LD_LIBRARY_PATH=/opt/ros/humble/lib PATH=/opt/ros/humble/bin:${PATH} PKG_CONFIG_PATH=/opt/ros/humble/lib/aarch64-linux-gnu/pkgconfig:/opt/ros/humble/lib/pkgconfig PYTHONPATH=/opt/ros/humble/lib/python3.10/site-packages /usr/bin/cmake --install /workspace/ros2_ws/build/gmock_vendor
