running egg_info
creating ../../../build/osrf_pycommon/osrf_pycommon.egg-info
writing ../../../build/osrf_pycommon/osrf_pycommon.egg-info/PKG-INFO
writing dependency_links to ../../../build/osrf_pycommon/osrf_pycommon.egg-info/dependency_links.txt
writing requirements to ../../../build/osrf_pycommon/osrf_pycommon.egg-info/requires.txt
writing top-level names to ../../../build/osrf_pycommon/osrf_pycommon.egg-info/top_level.txt
writing manifest file '../../../build/osrf_pycommon/osrf_pycommon.egg-info/SOURCES.txt'
reading manifest file '../../../build/osrf_pycommon/osrf_pycommon.egg-info/SOURCES.txt'
reading manifest template 'MANIFEST.in'
adding license file 'LICENSE'
writing manifest file '../../../build/osrf_pycommon/osrf_pycommon.egg-info/SOURCES.txt'
running build
running build_py
creating /workspace/ros2_ws/build/osrf_pycommon/build
creating /workspace/ros2_ws/build/osrf_pycommon/build/lib
creating /workspace/ros2_ws/build/osrf_pycommon/build/lib/osrf_pycommon
copying osrf_pycommon/terminal_utils.py -> /workspace/ros2_ws/build/osrf_pycommon/build/lib/osrf_pycommon
copying osrf_pycommon/__init__.py -> /workspace/ros2_ws/build/osrf_pycommon/build/lib/osrf_pycommon
creating /workspace/ros2_ws/build/osrf_pycommon/build/lib/osrf_pycommon/terminal_color
copying osrf_pycommon/terminal_color/__init__.py -> /workspace/ros2_ws/build/osrf_pycommon/build/lib/osrf_pycommon/terminal_color
copying osrf_pycommon/terminal_color/ansi_re.py -> /workspace/ros2_ws/build/osrf_pycommon/build/lib/osrf_pycommon/terminal_color
copying osrf_pycommon/terminal_color/impl.py -> /workspace/ros2_ws/build/osrf_pycommon/build/lib/osrf_pycommon/terminal_color
copying osrf_pycommon/terminal_color/windows.py -> /workspace/ros2_ws/build/osrf_pycommon/build/lib/osrf_pycommon/terminal_color
creating /workspace/ros2_ws/build/osrf_pycommon/build/lib/osrf_pycommon/process_utils
copying osrf_pycommon/process_utils/execute_process_nopty.py -> /workspace/ros2_ws/build/osrf_pycommon/build/lib/osrf_pycommon/process_utils
copying osrf_pycommon/process_utils/async_execute_process.py -> /workspace/ros2_ws/build/osrf_pycommon/build/lib/osrf_pycommon/process_utils
copying osrf_pycommon/process_utils/execute_process_pty.py -> /workspace/ros2_ws/build/osrf_pycommon/build/lib/osrf_pycommon/process_utils
copying osrf_pycommon/process_utils/__init__.py -> /workspace/ros2_ws/build/osrf_pycommon/build/lib/osrf_pycommon/process_utils
copying osrf_pycommon/process_utils/impl.py -> /workspace/ros2_ws/build/osrf_pycommon/build/lib/osrf_pycommon/process_utils
copying osrf_pycommon/process_utils/get_loop_impl.py -> /workspace/ros2_ws/build/osrf_pycommon/build/lib/osrf_pycommon/process_utils
creating /workspace/ros2_ws/build/osrf_pycommon/build/lib/osrf_pycommon/cli_utils
copying osrf_pycommon/cli_utils/verb_pattern.py -> /workspace/ros2_ws/build/osrf_pycommon/build/lib/osrf_pycommon/cli_utils
copying osrf_pycommon/cli_utils/__init__.py -> /workspace/ros2_ws/build/osrf_pycommon/build/lib/osrf_pycommon/cli_utils
copying osrf_pycommon/cli_utils/common.py -> /workspace/ros2_ws/build/osrf_pycommon/build/lib/osrf_pycommon/cli_utils
creating /workspace/ros2_ws/build/osrf_pycommon/build/lib/osrf_pycommon/process_utils/async_execute_process_asyncio
copying osrf_pycommon/process_utils/async_execute_process_asyncio/__init__.py -> /workspace/ros2_ws/build/osrf_pycommon/build/lib/osrf_pycommon/process_utils/async_execute_process_asyncio
copying osrf_pycommon/process_utils/async_execute_process_asyncio/impl.py -> /workspace/ros2_ws/build/osrf_pycommon/build/lib/osrf_pycommon/process_utils/async_execute_process_asyncio
running install
running install_lib
creating /opt/ros/humble/lib/python3.10/site-packages/osrf_pycommon
creating /opt/ros/humble/lib/python3.10/site-packages/osrf_pycommon/terminal_color
copying /workspace/ros2_ws/build/osrf_pycommon/build/lib/osrf_pycommon/terminal_color/__init__.py -> /opt/ros/humble/lib/python3.10/site-packages/osrf_pycommon/terminal_color
copying /workspace/ros2_ws/build/osrf_pycommon/build/lib/osrf_pycommon/terminal_color/ansi_re.py -> /opt/ros/humble/lib/python3.10/site-packages/osrf_pycommon/terminal_color
copying /workspace/ros2_ws/build/osrf_pycommon/build/lib/osrf_pycommon/terminal_color/impl.py -> /opt/ros/humble/lib/python3.10/site-packages/osrf_pycommon/terminal_color
copying /workspace/ros2_ws/build/osrf_pycommon/build/lib/osrf_pycommon/terminal_color/windows.py -> /opt/ros/humble/lib/python3.10/site-packages/osrf_pycommon/terminal_color
copying /workspace/ros2_ws/build/osrf_pycommon/build/lib/osrf_pycommon/terminal_utils.py -> /opt/ros/humble/lib/python3.10/site-packages/osrf_pycommon
creating /opt/ros/humble/lib/python3.10/site-packages/osrf_pycommon/process_utils
copying /workspace/ros2_ws/build/osrf_pycommon/build/lib/osrf_pycommon/process_utils/execute_process_nopty.py -> /opt/ros/humble/lib/python3.10/site-packages/osrf_pycommon/process_utils
copying /workspace/ros2_ws/build/osrf_pycommon/build/lib/osrf_pycommon/process_utils/async_execute_process.py -> /opt/ros/humble/lib/python3.10/site-packages/osrf_pycommon/process_utils
copying /workspace/ros2_ws/build/osrf_pycommon/build/lib/osrf_pycommon/process_utils/execute_process_pty.py -> /opt/ros/humble/lib/python3.10/site-packages/osrf_pycommon/process_utils
copying /workspace/ros2_ws/build/osrf_pycommon/build/lib/osrf_pycommon/process_utils/__init__.py -> /opt/ros/humble/lib/python3.10/site-packages/osrf_pycommon/process_utils
creating /opt/ros/humble/lib/python3.10/site-packages/osrf_pycommon/process_utils/async_execute_process_asyncio
copying /workspace/ros2_ws/build/osrf_pycommon/build/lib/osrf_pycommon/process_utils/async_execute_process_asyncio/__init__.py -> /opt/ros/humble/lib/python3.10/site-packages/osrf_pycommon/process_utils/async_execute_process_asyncio
copying /workspace/ros2_ws/build/osrf_pycommon/build/lib/osrf_pycommon/process_utils/async_execute_process_asyncio/impl.py -> /opt/ros/humble/lib/python3.10/site-packages/osrf_pycommon/process_utils/async_execute_process_asyncio
copying /workspace/ros2_ws/build/osrf_pycommon/build/lib/osrf_pycommon/process_utils/impl.py -> /opt/ros/humble/lib/python3.10/site-packages/osrf_pycommon/process_utils
copying /workspace/ros2_ws/build/osrf_pycommon/build/lib/osrf_pycommon/process_utils/get_loop_impl.py -> /opt/ros/humble/lib/python3.10/site-packages/osrf_pycommon/process_utils
copying /workspace/ros2_ws/build/osrf_pycommon/build/lib/osrf_pycommon/__init__.py -> /opt/ros/humble/lib/python3.10/site-packages/osrf_pycommon
creating /opt/ros/humble/lib/python3.10/site-packages/osrf_pycommon/cli_utils
copying /workspace/ros2_ws/build/osrf_pycommon/build/lib/osrf_pycommon/cli_utils/verb_pattern.py -> /opt/ros/humble/lib/python3.10/site-packages/osrf_pycommon/cli_utils
copying /workspace/ros2_ws/build/osrf_pycommon/build/lib/osrf_pycommon/cli_utils/__init__.py -> /opt/ros/humble/lib/python3.10/site-packages/osrf_pycommon/cli_utils
copying /workspace/ros2_ws/build/osrf_pycommon/build/lib/osrf_pycommon/cli_utils/common.py -> /opt/ros/humble/lib/python3.10/site-packages/osrf_pycommon/cli_utils
byte-compiling /opt/ros/humble/lib/python3.10/site-packages/osrf_pycommon/terminal_color/__init__.py to __init__.cpython-310.pyc
byte-compiling /opt/ros/humble/lib/python3.10/site-packages/osrf_pycommon/terminal_color/ansi_re.py to ansi_re.cpython-310.pyc
byte-compiling /opt/ros/humble/lib/python3.10/site-packages/osrf_pycommon/terminal_color/impl.py to impl.cpython-310.pyc
byte-compiling /opt/ros/humble/lib/python3.10/site-packages/osrf_pycommon/terminal_color/windows.py to windows.cpython-310.pyc
byte-compiling /opt/ros/humble/lib/python3.10/site-packages/osrf_pycommon/terminal_utils.py to terminal_utils.cpython-310.pyc
byte-compiling /opt/ros/humble/lib/python3.10/site-packages/osrf_pycommon/process_utils/execute_process_nopty.py to execute_process_nopty.cpython-310.pyc
byte-compiling /opt/ros/humble/lib/python3.10/site-packages/osrf_pycommon/process_utils/async_execute_process.py to async_execute_process.cpython-310.pyc
byte-compiling /opt/ros/humble/lib/python3.10/site-packages/osrf_pycommon/process_utils/execute_process_pty.py to execute_process_pty.cpython-310.pyc
byte-compiling /opt/ros/humble/lib/python3.10/site-packages/osrf_pycommon/process_utils/__init__.py to __init__.cpython-310.pyc
byte-compiling /opt/ros/humble/lib/python3.10/site-packages/osrf_pycommon/process_utils/async_execute_process_asyncio/__init__.py to __init__.cpython-310.pyc
byte-compiling /opt/ros/humble/lib/python3.10/site-packages/osrf_pycommon/process_utils/async_execute_process_asyncio/impl.py to impl.cpython-310.pyc
byte-compiling /opt/ros/humble/lib/python3.10/site-packages/osrf_pycommon/process_utils/impl.py to impl.cpython-310.pyc
byte-compiling /opt/ros/humble/lib/python3.10/site-packages/osrf_pycommon/process_utils/get_loop_impl.py to get_loop_impl.cpython-310.pyc
byte-compiling /opt/ros/humble/lib/python3.10/site-packages/osrf_pycommon/__init__.py to __init__.cpython-310.pyc
byte-compiling /opt/ros/humble/lib/python3.10/site-packages/osrf_pycommon/cli_utils/verb_pattern.py to verb_pattern.cpython-310.pyc
byte-compiling /opt/ros/humble/lib/python3.10/site-packages/osrf_pycommon/cli_utils/__init__.py to __init__.cpython-310.pyc
byte-compiling /opt/ros/humble/lib/python3.10/site-packages/osrf_pycommon/cli_utils/common.py to common.cpython-310.pyc
running install_data
copying package.xml -> /opt/ros/humble/share/osrf_pycommon
copying resource/osrf_pycommon -> /opt/ros/humble/share/ament_index/resource_index/packages
running install_egg_info
Copying ../../../build/osrf_pycommon/osrf_pycommon.egg-info to /opt/ros/humble/lib/python3.10/site-packages/osrf_pycommon-2.1.7-py3.10.egg-info
running install_scripts
writing list of installed files to '/workspace/ros2_ws/build/osrf_pycommon/install.log'
