[0.061s] Invoking command in '/workspace/ros2_ws/build/ament_cmake_core': AMENT_PREFIX_PATH=/opt/ros/humble CMAKE_PREFIX_PATH=/opt/ros/humble PATH=/opt/ros/humble/bin:${PATH} PYTHONPATH=/opt/ros/humble/lib/python3.10/site-packages /usr/bin/cmake /workspace/ros2_ws/src/ament/ament_cmake/ament_cmake_core -DCMAKE_BUILD_TYPE=Release -DCMAKE_INSTALL_PREFIX=/opt/ros/humble
[0.218s] -- ament_cmake_core 1.3.14
[0.317s] -- Configuring done
[0.345s] -- Generating done
[0.371s] -- Build files have been written to: /workspace/ros2_ws/build/ament_cmake_core
[0.437s] Invoked command in '/workspace/ros2_ws/build/ament_cmake_core' returned '0': AMENT_PREFIX_PATH=/opt/ros/humble CMAKE_PREFIX_PATH=/opt/ros/humble PATH=/opt/ros/humble/bin:${PATH} PYTHONPATH=/opt/ros/humble/lib/python3.10/site-packages /usr/bin/cmake /workspace/ros2_ws/src/ament/ament_cmake/ament_cmake_core -DCMAKE_BUILD_TYPE=Release -DCMAKE_INSTALL_PREFIX=/opt/ros/humble
[0.438s] Invoking command in '/workspace/ros2_ws/build/ament_cmake_core': AMENT_PREFIX_PATH=/opt/ros/humble CMAKE_PREFIX_PATH=/opt/ros/humble PATH=/opt/ros/humble/bin:${PATH} PYTHONPATH=/opt/ros/humble/lib/python3.10/site-packages /usr/bin/cmake --build /workspace/ros2_ws/build/ament_cmake_core -- -j5 -l5
[0.527s] Invoked command in '/workspace/ros2_ws/build/ament_cmake_core' returned '0': AMENT_PREFIX_PATH=/opt/ros/humble CMAKE_PREFIX_PATH=/opt/ros/humble PATH=/opt/ros/humble/bin:${PATH} PYTHONPATH=/opt/ros/humble/lib/python3.10/site-packages /usr/bin/cmake --build /workspace/ros2_ws/build/ament_cmake_core -- -j5 -l5
[0.534s] Invoking command in '/workspace/ros2_ws/build/ament_cmake_core': AMENT_PREFIX_PATH=/opt/ros/humble CMAKE_PREFIX_PATH=/opt/ros/humble PATH=/opt/ros/humble/bin:${PATH} PYTHONPATH=/opt/ros/humble/lib/python3.10/site-packages /usr/bin/cmake --install /workspace/ros2_ws/build/ament_cmake_core
[0.539s] -- Install configuration: "Release"
[0.540s] -- Installing: /opt/ros/humble/share/ament_index/resource_index/package_run_dependencies/ament_cmake_core
[0.541s] -- Installing: /opt/ros/humble/share/ament_index/resource_index/parent_prefix_path/ament_cmake_core
[0.541s] -- Installing: /opt/ros/humble/share/ament_cmake_core/environment/ament_prefix_path.sh
[0.542s] -- Installing: /opt/ros/humble/share/ament_cmake_core/environment/ament_prefix_path.dsv
[0.542s] -- Installing: /opt/ros/humble/share/ament_cmake_core/environment/path.sh
[0.543s] -- Installing: /opt/ros/humble/share/ament_cmake_core/environment/path.dsv
[0.544s] -- Installing: /opt/ros/humble/share/ament_cmake_core/local_setup.bash
[0.545s] -- Installing: /opt/ros/humble/share/ament_cmake_core/local_setup.sh
[0.545s] -- Installing: /opt/ros/humble/share/ament_cmake_core/local_setup.zsh
[0.545s] -- Installing: /opt/ros/humble/share/ament_cmake_core/local_setup.dsv
[0.546s] -- Installing: /opt/ros/humble/share/ament_cmake_core/package.dsv
[0.547s] -- Installing: /opt/ros/humble/share/ament_index/resource_index/packages/ament_cmake_core
[0.548s] -- Installing: /opt/ros/humble/share/ament_cmake_core/cmake/ament_cmake_core-extras.cmake
[0.549s] -- Installing: /opt/ros/humble/share/ament_cmake_core/cmake/ament_cmake_environment-extras.cmake
[0.551s] -- Installing: /opt/ros/humble/share/ament_cmake_core/cmake/ament_cmake_environment_hooks-extras.cmake
[0.552s] -- Installing: /opt/ros/humble/share/ament_cmake_core/cmake/ament_cmake_index-extras.cmake
[0.552s] -- Installing: /opt/ros/humble/share/ament_cmake_core/cmake/ament_cmake_package_templates-extras.cmake
[0.553s] -- Installing: /opt/ros/humble/share/ament_cmake_core/cmake/ament_cmake_uninstall_target-extras.cmake
[0.553s] -- Installing: /opt/ros/humble/share/ament_cmake_core/cmake/ament_cmake_symlink_install-extras.cmake
[0.553s] -- Installing: /opt/ros/humble/share/ament_cmake_core/cmake/ament_cmake_coreConfig.cmake
[0.554s] -- Installing: /opt/ros/humble/share/ament_cmake_core/cmake/ament_cmake_coreConfig-version.cmake
[0.554s] -- Installing: /opt/ros/humble/share/ament_cmake_core/package.xml
[0.554s] -- Up-to-date: /opt/ros/humble/share/ament_cmake_core/cmake
[0.555s] -- Installing: /opt/ros/humble/share/ament_cmake_core/cmake/core
[0.555s] -- Installing: /opt/ros/humble/share/ament_cmake_core/cmake/core/normalize_path.cmake
[0.556s] -- Installing: /opt/ros/humble/share/ament_cmake_core/cmake/core/string_ends_with.cmake
[0.557s] -- Installing: /opt/ros/humble/share/ament_cmake_core/cmake/core/all.cmake
[0.558s] -- Installing: /opt/ros/humble/share/ament_cmake_core/cmake/core/ament_package.cmake
[0.559s] -- Installing: /opt/ros/humble/share/ament_cmake_core/cmake/core/ament_execute_extensions.cmake
[0.560s] -- Installing: /opt/ros/humble/share/ament_cmake_core/cmake/core/python.cmake
[0.561s] -- Installing: /opt/ros/humble/share/ament_cmake_core/cmake/core/stamp.cmake
[0.561s] -- Installing: /opt/ros/humble/share/ament_cmake_core/cmake/core/list_append_unique.cmake
[0.562s] -- Installing: /opt/ros/humble/share/ament_cmake_core/cmake/core/assert_file_exists.cmake
[0.563s] -- Installing: /opt/ros/humble/share/ament_cmake_core/cmake/core/ament_package_xml.cmake
[0.564s] -- Installing: /opt/ros/humble/share/ament_cmake_core/cmake/core/templates
[0.570s] -- Installing: /opt/ros/humble/share/ament_cmake_core/cmake/core/templates/nameConfig-version.cmake.in
[0.571s] -- Installing: /opt/ros/humble/share/ament_cmake_core/cmake/core/templates/nameConfig.cmake.in
[0.572s] -- Installing: /opt/ros/humble/share/ament_cmake_core/cmake/core/get_executable_path.cmake
[0.573s] -- Installing: /opt/ros/humble/share/ament_cmake_core/cmake/core/package_xml_2_cmake.py
[0.575s] -- Installing: /opt/ros/humble/share/ament_cmake_core/cmake/core/ament_register_extension.cmake
[0.577s] -- Installing: /opt/ros/humble/share/ament_cmake_core/cmake/package_templates
[0.578s] -- Installing: /opt/ros/humble/share/ament_cmake_core/cmake/package_templates/templates_2_cmake.py
[0.579s] -- Installing: /opt/ros/humble/share/ament_cmake_core/cmake/uninstall_target
[0.581s] -- Installing: /opt/ros/humble/share/ament_cmake_core/cmake/uninstall_target/ament_cmake_uninstall_target_append_uninstall_code.cmake
[0.582s] -- Installing: /opt/ros/humble/share/ament_cmake_core/cmake/uninstall_target/ament_cmake_uninstall_target.cmake.in
[0.585s] -- Installing: /opt/ros/humble/share/ament_cmake_core/cmake/symlink_install
[0.585s] -- Installing: /opt/ros/humble/share/ament_cmake_core/cmake/symlink_install/ament_cmake_symlink_install_programs.cmake
[0.587s] -- Installing: /opt/ros/humble/share/ament_cmake_core/cmake/symlink_install/ament_cmake_symlink_install_targets.cmake
[0.587s] -- Installing: /opt/ros/humble/share/ament_cmake_core/cmake/symlink_install/ament_cmake_symlink_install_directory.cmake
[0.590s] -- Installing: /opt/ros/humble/share/ament_cmake_core/cmake/symlink_install/ament_cmake_symlink_install_append_install_code.cmake
[0.591s] -- Installing: /opt/ros/humble/share/ament_cmake_core/cmake/symlink_install/ament_cmake_symlink_install_uninstall_script.cmake.in
[0.592s] -- Installing: /opt/ros/humble/share/ament_cmake_core/cmake/symlink_install/ament_cmake_symlink_install.cmake.in
[0.593s] -- Installing: /opt/ros/humble/share/ament_cmake_core/cmake/symlink_install/install.cmake
[0.597s] -- Installing: /opt/ros/humble/share/ament_cmake_core/cmake/symlink_install/ament_cmake_symlink_install_files.cmake
[0.597s] -- Installing: /opt/ros/humble/share/ament_cmake_core/cmake/environment_hooks
[0.598s] -- Installing: /opt/ros/humble/share/ament_cmake_core/cmake/environment_hooks/ament_generate_package_environment.cmake
[0.598s] -- Installing: /opt/ros/humble/share/ament_cmake_core/cmake/environment_hooks/ament_environment_hooks.cmake
[0.601s] -- Installing: /opt/ros/humble/share/ament_cmake_core/cmake/environment_hooks/ament_cmake_environment_hooks_package_hook.cmake
[0.603s] -- Installing: /opt/ros/humble/share/ament_cmake_core/cmake/environment_hooks/environment
[0.605s] -- Installing: /opt/ros/humble/share/ament_cmake_core/cmake/environment_hooks/environment/path.sh
[0.607s] -- Installing: /opt/ros/humble/share/ament_cmake_core/cmake/environment_hooks/environment/ament_prefix_path.sh
[0.609s] -- Installing: /opt/ros/humble/share/ament_cmake_core/cmake/environment_hooks/environment/path.bat
[0.612s] -- Installing: /opt/ros/humble/share/ament_cmake_core/cmake/environment_hooks/environment/ament_prefix_path.bat
[0.612s] -- Installing: /opt/ros/humble/share/ament_cmake_core/cmake/environment
[0.614s] -- Installing: /opt/ros/humble/share/ament_cmake_core/cmake/environment/ament_generate_environment.cmake
[0.615s] -- Installing: /opt/ros/humble/share/ament_cmake_core/cmake/environment/ament_cmake_environment_package_hook.cmake
[0.616s] -- Installing: /opt/ros/humble/share/ament_cmake_core/cmake/index
[0.617s] -- Installing: /opt/ros/humble/share/ament_cmake_core/cmake/index/ament_index_get_prefix_path.cmake
[0.618s] -- Installing: /opt/ros/humble/share/ament_cmake_core/cmake/index/ament_index_register_package.cmake
[0.621s] -- Installing: /opt/ros/humble/share/ament_cmake_core/cmake/index/ament_index_has_resource.cmake
[0.626s] -- Installing: /opt/ros/humble/share/ament_cmake_core/cmake/index/ament_index_get_resources.cmake
[0.627s] -- Installing: /opt/ros/humble/share/ament_cmake_core/cmake/index/ament_index_get_resource.cmake
[0.630s] -- Installing: /opt/ros/humble/share/ament_cmake_core/cmake/index/ament_index_register_resource.cmake
[0.632s] -- Installing: /opt/ros/humble/share/ament_cmake_core/cmake/index/ament_cmake_index_package_hook.cmake
[0.640s] Invoked command in '/workspace/ros2_ws/build/ament_cmake_core' returned '0': AMENT_PREFIX_PATH=/opt/ros/humble CMAKE_PREFIX_PATH=/opt/ros/humble PATH=/opt/ros/humble/bin:${PATH} PYTHONPATH=/opt/ros/humble/lib/python3.10/site-packages /usr/bin/cmake --install /workspace/ros2_ws/build/ament_cmake_core
