[1.451s] Invoking command in '/workspace/ros2_ws/src/ament/ament_lint/ament_cppcheck': PYTHONPATH=/workspace/ros2_ws/build/ament_cppcheck/prefix_override:/usr/local/lib/python3.10/dist-packages/colcon_core/task/python/colcon_distutils_commands:/workspace/ros2_ws/install/lib/python3.10/site-packages: /usr/bin/python3 -W ignore:setup.py install is deprecated -W ignore:easy_install command is deprecated setup.py egg_info --egg-base ../../../../build/ament_cppcheck build --build-base /workspace/ros2_ws/build/ament_cppcheck/build install --record /workspace/ros2_ws/build/ament_cppcheck/install.log --single-version-externally-managed install_data
[1.745s] running egg_info
[1.747s] creating ../../../../build/ament_cppcheck/ament_cppcheck.egg-info
[1.748s] writing ../../../../build/ament_cppcheck/ament_cppcheck.egg-info/PKG-INFO
[1.751s] writing dependency_links to ../../../../build/ament_cppcheck/ament_cppcheck.egg-info/dependency_links.txt
[1.751s] writing entry points to ../../../../build/ament_cppcheck/ament_cppcheck.egg-info/entry_points.txt
[1.752s] writing requirements to ../../../../build/ament_cppcheck/ament_cppcheck.egg-info/requires.txt
[1.753s] writing top-level names to ../../../../build/ament_cppcheck/ament_cppcheck.egg-info/top_level.txt
[1.754s] writing manifest file '../../../../build/ament_cppcheck/ament_cppcheck.egg-info/SOURCES.txt'
[1.756s] reading manifest file '../../../../build/ament_cppcheck/ament_cppcheck.egg-info/SOURCES.txt'
[1.757s] writing manifest file '../../../../build/ament_cppcheck/ament_cppcheck.egg-info/SOURCES.txt'
[1.757s] running build
[1.757s] running build_py
[1.758s] creating /workspace/ros2_ws/build/ament_cppcheck/build
[1.759s] creating /workspace/ros2_ws/build/ament_cppcheck/build/lib
[1.759s] creating /workspace/ros2_ws/build/ament_cppcheck/build/lib/ament_cppcheck
[1.761s] copying ament_cppcheck/__init__.py -> /workspace/ros2_ws/build/ament_cppcheck/build/lib/ament_cppcheck
[1.761s] copying ament_cppcheck/main.py -> /workspace/ros2_ws/build/ament_cppcheck/build/lib/ament_cppcheck
[1.763s] running install
[1.766s] running install_lib
[1.768s] creating /workspace/ros2_ws/install/lib/python3.10/site-packages/ament_cppcheck
[1.769s] copying /workspace/ros2_ws/build/ament_cppcheck/build/lib/ament_cppcheck/__init__.py -> /workspace/ros2_ws/install/lib/python3.10/site-packages/ament_cppcheck
[1.770s] copying /workspace/ros2_ws/build/ament_cppcheck/build/lib/ament_cppcheck/main.py -> /workspace/ros2_ws/install/lib/python3.10/site-packages/ament_cppcheck
[1.774s] byte-compiling /workspace/ros2_ws/install/lib/python3.10/site-packages/ament_cppcheck/__init__.py to __init__.cpython-310.pyc
[1.780s] byte-compiling /workspace/ros2_ws/install/lib/python3.10/site-packages/ament_cppcheck/main.py to main.cpython-310.pyc
[1.789s] running install_data
[1.790s] copying package.xml -> /workspace/ros2_ws/install/share/ament_cppcheck
[1.791s] copying resource/ament_cppcheck -> /workspace/ros2_ws/install/share/ament_index/resource_index/packages
[1.792s] running install_egg_info
[1.794s] Copying ../../../../build/ament_cppcheck/ament_cppcheck.egg-info to /workspace/ros2_ws/install/lib/python3.10/site-packages/ament_cppcheck-0.12.15-py3.10.egg-info
[1.802s] running install_scripts
[1.849s] Installing ament_cppcheck script to /workspace/ros2_ws/install/bin
[1.849s] writing list of installed files to '/workspace/ros2_ws/build/ament_cppcheck/install.log'
[1.976s] Invoked command in '/workspace/ros2_ws/src/ament/ament_lint/ament_cppcheck' returned '0': PYTHONPATH=/workspace/ros2_ws/build/ament_cppcheck/prefix_override:/usr/local/lib/python3.10/dist-packages/colcon_core/task/python/colcon_distutils_commands:/workspace/ros2_ws/install/lib/python3.10/site-packages: /usr/bin/python3 -W ignore:setup.py install is deprecated -W ignore:easy_install command is deprecated setup.py egg_info --egg-base ../../../../build/ament_cppcheck build --build-base /workspace/ros2_ws/build/ament_cppcheck/build install --record /workspace/ros2_ws/build/ament_cppcheck/install.log --single-version-externally-managed install_data
