/opt/ros/humble/lib/python3.10/site-packages/ament_package/__init__.py
/opt/ros/humble/lib/python3.10/site-packages/ament_package/templates.py
/opt/ros/humble/lib/python3.10/site-packages/ament_package/template/__init__.py
/opt/ros/humble/lib/python3.10/site-packages/ament_package/template/isolated_prefix_level/__init__.py
/opt/ros/humble/lib/python3.10/site-packages/ament_package/template/isolated_prefix_level/_order_isolated_packages.py
/opt/ros/humble/lib/python3.10/site-packages/ament_package/template/prefix_level/__init__.py
/opt/ros/humble/lib/python3.10/site-packages/ament_package/template/prefix_level/_local_setup_util.py
/opt/ros/humble/lib/python3.10/site-packages/ament_package/template/package_level/__init__.py
/opt/ros/humble/lib/python3.10/site-packages/ament_package/template/environment_hook/__init__.py
/opt/ros/humble/lib/python3.10/site-packages/ament_package/template/environment_hook/path.sh
/opt/ros/humble/lib/python3.10/site-packages/ament_package/template/environment_hook/pkg_config_path.sh
/opt/ros/humble/lib/python3.10/site-packages/ament_package/template/environment_hook/library_path.sh
/opt/ros/humble/lib/python3.10/site-packages/ament_package/template/environment_hook/ament_prefix_path.sh
/opt/ros/humble/lib/python3.10/site-packages/ament_package/template/environment_hook/pythonpath.sh.in
/opt/ros/humble/lib/python3.10/site-packages/ament_package/template/environment_hook/pkg_config_path.bat
/opt/ros/humble/lib/python3.10/site-packages/ament_package/template/environment_hook/path.bat
/opt/ros/humble/lib/python3.10/site-packages/ament_package/template/environment_hook/pythonpath.bat.in
/opt/ros/humble/lib/python3.10/site-packages/ament_package/template/environment_hook/ament_prefix_path.bat
/opt/ros/humble/lib/python3.10/site-packages/ament_package/template/isolated_prefix_level/local_setup.bat.in
/opt/ros/humble/lib/python3.10/site-packages/ament_package/template/isolated_prefix_level/local_setup.sh.in
/opt/ros/humble/lib/python3.10/site-packages/ament_package/template/isolated_prefix_level/local_setup.zsh
/opt/ros/humble/lib/python3.10/site-packages/ament_package/template/isolated_prefix_level/local_setup.bash
/opt/ros/humble/lib/python3.10/site-packages/ament_package/template/package_level/local_setup.bat.in
/opt/ros/humble/lib/python3.10/site-packages/ament_package/template/package_level/local_setup.zsh.in
/opt/ros/humble/lib/python3.10/site-packages/ament_package/template/package_level/local_setup.bash.in
/opt/ros/humble/lib/python3.10/site-packages/ament_package/template/package_level/local_setup.sh.in
/opt/ros/humble/lib/python3.10/site-packages/ament_package/template/prefix_level/local_setup.bat.in
/opt/ros/humble/lib/python3.10/site-packages/ament_package/template/prefix_level/setup.zsh
/opt/ros/humble/lib/python3.10/site-packages/ament_package/template/prefix_level/setup.sh.in
/opt/ros/humble/lib/python3.10/site-packages/ament_package/template/prefix_level/local_setup.sh.in
/opt/ros/humble/lib/python3.10/site-packages/ament_package/template/prefix_level/local_setup.zsh
/opt/ros/humble/lib/python3.10/site-packages/ament_package/template/prefix_level/setup.bash
/opt/ros/humble/lib/python3.10/site-packages/ament_package/template/prefix_level/setup.bat.in
/opt/ros/humble/lib/python3.10/site-packages/ament_package/template/prefix_level/local_setup.bash
/opt/ros/humble/lib/python3.10/site-packages/ament_package/__pycache__/__init__.cpython-310.pyc
/opt/ros/humble/lib/python3.10/site-packages/ament_package/__pycache__/templates.cpython-310.pyc
/opt/ros/humble/lib/python3.10/site-packages/ament_package/template/__pycache__/__init__.cpython-310.pyc
/opt/ros/humble/lib/python3.10/site-packages/ament_package/template/isolated_prefix_level/__pycache__/__init__.cpython-310.pyc
/opt/ros/humble/lib/python3.10/site-packages/ament_package/template/isolated_prefix_level/__pycache__/_order_isolated_packages.cpython-310.pyc
/opt/ros/humble/lib/python3.10/site-packages/ament_package/template/prefix_level/__pycache__/__init__.cpython-310.pyc
/opt/ros/humble/lib/python3.10/site-packages/ament_package/template/prefix_level/__pycache__/_local_setup_util.cpython-310.pyc
/opt/ros/humble/lib/python3.10/site-packages/ament_package/template/package_level/__pycache__/__init__.cpython-310.pyc
/opt/ros/humble/lib/python3.10/site-packages/ament_package/template/environment_hook/__pycache__/__init__.cpython-310.pyc
/opt/ros/humble/share/ament_package/package.xml
/opt/ros/humble/share/ament_index/resource_index/packages/ament_package
/opt/ros/humble/lib/python3.10/site-packages/ament_package-0.14.2-py3.10.egg-info/PKG-INFO
/opt/ros/humble/lib/python3.10/site-packages/ament_package-0.14.2-py3.10.egg-info/zip-safe
/opt/ros/humble/lib/python3.10/site-packages/ament_package-0.14.2-py3.10.egg-info/SOURCES.txt
/opt/ros/humble/lib/python3.10/site-packages/ament_package-0.14.2-py3.10.egg-info/requires.txt
/opt/ros/humble/lib/python3.10/site-packages/ament_package-0.14.2-py3.10.egg-info/top_level.txt
/opt/ros/humble/lib/python3.10/site-packages/ament_package-0.14.2-py3.10.egg-info/dependency_links.txt
