-- Install configuration: ""
-- Installing: /workspace/ros2_ws/install/share/ament_index/resource_index/package_run_dependencies/ament_cmake_core
-- Installing: /workspace/ros2_ws/install/share/ament_index/resource_index/parent_prefix_path/ament_cmake_core
-- Installing: /workspace/ros2_ws/install/share/ament_cmake_core/environment/ament_prefix_path.sh
-- Installing: /workspace/ros2_ws/install/share/ament_cmake_core/environment/ament_prefix_path.dsv
-- Installing: /workspace/ros2_ws/install/share/ament_cmake_core/environment/path.sh
-- Installing: /workspace/ros2_ws/install/share/ament_cmake_core/environment/path.dsv
-- Installing: /workspace/ros2_ws/install/share/ament_cmake_core/local_setup.bash
-- Installing: /workspace/ros2_ws/install/share/ament_cmake_core/local_setup.sh
-- Installing: /workspace/ros2_ws/install/share/ament_cmake_core/local_setup.zsh
-- Installing: /workspace/ros2_ws/install/share/ament_cmake_core/local_setup.dsv
-- Installing: /workspace/ros2_ws/install/share/ament_cmake_core/package.dsv
-- Installing: /workspace/ros2_ws/install/share/ament_index/resource_index/packages/ament_cmake_core
-- Installing: /workspace/ros2_ws/install/share/ament_cmake_core/cmake/ament_cmake_core-extras.cmake
-- Installing: /workspace/ros2_ws/install/share/ament_cmake_core/cmake/ament_cmake_environment-extras.cmake
-- Installing: /workspace/ros2_ws/install/share/ament_cmake_core/cmake/ament_cmake_environment_hooks-extras.cmake
-- Installing: /workspace/ros2_ws/install/share/ament_cmake_core/cmake/ament_cmake_index-extras.cmake
-- Installing: /workspace/ros2_ws/install/share/ament_cmake_core/cmake/ament_cmake_package_templates-extras.cmake
-- Installing: /workspace/ros2_ws/install/share/ament_cmake_core/cmake/ament_cmake_uninstall_target-extras.cmake
-- Installing: /workspace/ros2_ws/install/share/ament_cmake_core/cmake/ament_cmake_symlink_install-extras.cmake
-- Installing: /workspace/ros2_ws/install/share/ament_cmake_core/cmake/ament_cmake_coreConfig.cmake
-- Installing: /workspace/ros2_ws/install/share/ament_cmake_core/cmake/ament_cmake_coreConfig-version.cmake
-- Installing: /workspace/ros2_ws/install/share/ament_cmake_core/package.xml
-- Up-to-date: /workspace/ros2_ws/install/share/ament_cmake_core/cmake
-- Installing: /workspace/ros2_ws/install/share/ament_cmake_core/cmake/core
-- Installing: /workspace/ros2_ws/install/share/ament_cmake_core/cmake/core/normalize_path.cmake
-- Installing: /workspace/ros2_ws/install/share/ament_cmake_core/cmake/core/string_ends_with.cmake
-- Installing: /workspace/ros2_ws/install/share/ament_cmake_core/cmake/core/all.cmake
-- Installing: /workspace/ros2_ws/install/share/ament_cmake_core/cmake/core/ament_package.cmake
-- Installing: /workspace/ros2_ws/install/share/ament_cmake_core/cmake/core/ament_execute_extensions.cmake
-- Installing: /workspace/ros2_ws/install/share/ament_cmake_core/cmake/core/python.cmake
-- Installing: /workspace/ros2_ws/install/share/ament_cmake_core/cmake/core/stamp.cmake
-- Installing: /workspace/ros2_ws/install/share/ament_cmake_core/cmake/core/list_append_unique.cmake
-- Installing: /workspace/ros2_ws/install/share/ament_cmake_core/cmake/core/assert_file_exists.cmake
-- Installing: /workspace/ros2_ws/install/share/ament_cmake_core/cmake/core/ament_package_xml.cmake
-- Installing: /workspace/ros2_ws/install/share/ament_cmake_core/cmake/core/templates
-- Installing: /workspace/ros2_ws/install/share/ament_cmake_core/cmake/core/templates/nameConfig-version.cmake.in
-- Installing: /workspace/ros2_ws/install/share/ament_cmake_core/cmake/core/templates/nameConfig.cmake.in
-- Installing: /workspace/ros2_ws/install/share/ament_cmake_core/cmake/core/get_executable_path.cmake
-- Installing: /workspace/ros2_ws/install/share/ament_cmake_core/cmake/core/package_xml_2_cmake.py
-- Installing: /workspace/ros2_ws/install/share/ament_cmake_core/cmake/core/ament_register_extension.cmake
-- Installing: /workspace/ros2_ws/install/share/ament_cmake_core/cmake/package_templates
-- Installing: /workspace/ros2_ws/install/share/ament_cmake_core/cmake/package_templates/templates_2_cmake.py
-- Installing: /workspace/ros2_ws/install/share/ament_cmake_core/cmake/uninstall_target
-- Installing: /workspace/ros2_ws/install/share/ament_cmake_core/cmake/uninstall_target/ament_cmake_uninstall_target_append_uninstall_code.cmake
-- Installing: /workspace/ros2_ws/install/share/ament_cmake_core/cmake/uninstall_target/ament_cmake_uninstall_target.cmake.in
-- Installing: /workspace/ros2_ws/install/share/ament_cmake_core/cmake/symlink_install
-- Installing: /workspace/ros2_ws/install/share/ament_cmake_core/cmake/symlink_install/ament_cmake_symlink_install_programs.cmake
-- Installing: /workspace/ros2_ws/install/share/ament_cmake_core/cmake/symlink_install/ament_cmake_symlink_install_targets.cmake
-- Installing: /workspace/ros2_ws/install/share/ament_cmake_core/cmake/symlink_install/ament_cmake_symlink_install_directory.cmake
-- Installing: /workspace/ros2_ws/install/share/ament_cmake_core/cmake/symlink_install/ament_cmake_symlink_install_append_install_code.cmake
-- Installing: /workspace/ros2_ws/install/share/ament_cmake_core/cmake/symlink_install/ament_cmake_symlink_install_uninstall_script.cmake.in
-- Installing: /workspace/ros2_ws/install/share/ament_cmake_core/cmake/symlink_install/ament_cmake_symlink_install.cmake.in
-- Installing: /workspace/ros2_ws/install/share/ament_cmake_core/cmake/symlink_install/install.cmake
-- Installing: /workspace/ros2_ws/install/share/ament_cmake_core/cmake/symlink_install/ament_cmake_symlink_install_files.cmake
-- Installing: /workspace/ros2_ws/install/share/ament_cmake_core/cmake/environment_hooks
-- Installing: /workspace/ros2_ws/install/share/ament_cmake_core/cmake/environment_hooks/ament_generate_package_environment.cmake
-- Installing: /workspace/ros2_ws/install/share/ament_cmake_core/cmake/environment_hooks/ament_environment_hooks.cmake
-- Installing: /workspace/ros2_ws/install/share/ament_cmake_core/cmake/environment_hooks/ament_cmake_environment_hooks_package_hook.cmake
-- Installing: /workspace/ros2_ws/install/share/ament_cmake_core/cmake/environment_hooks/environment
-- Installing: /workspace/ros2_ws/install/share/ament_cmake_core/cmake/environment_hooks/environment/path.sh
-- Installing: /workspace/ros2_ws/install/share/ament_cmake_core/cmake/environment_hooks/environment/ament_prefix_path.sh
-- Installing: /workspace/ros2_ws/install/share/ament_cmake_core/cmake/environment_hooks/environment/path.bat
-- Installing: /workspace/ros2_ws/install/share/ament_cmake_core/cmake/environment_hooks/environment/ament_prefix_path.bat
-- Installing: /workspace/ros2_ws/install/share/ament_cmake_core/cmake/environment
-- Installing: /workspace/ros2_ws/install/share/ament_cmake_core/cmake/environment/ament_generate_environment.cmake
-- Installing: /workspace/ros2_ws/install/share/ament_cmake_core/cmake/environment/ament_cmake_environment_package_hook.cmake
-- Installing: /workspace/ros2_ws/install/share/ament_cmake_core/cmake/index
-- Installing: /workspace/ros2_ws/install/share/ament_cmake_core/cmake/index/ament_index_get_prefix_path.cmake
-- Installing: /workspace/ros2_ws/install/share/ament_cmake_core/cmake/index/ament_index_register_package.cmake
-- Installing: /workspace/ros2_ws/install/share/ament_cmake_core/cmake/index/ament_index_has_resource.cmake
-- Installing: /workspace/ros2_ws/install/share/ament_cmake_core/cmake/index/ament_index_get_resources.cmake
-- Installing: /workspace/ros2_ws/install/share/ament_cmake_core/cmake/index/ament_index_get_resource.cmake
-- Installing: /workspace/ros2_ws/install/share/ament_cmake_core/cmake/index/ament_index_register_resource.cmake
-- Installing: /workspace/ros2_ws/install/share/ament_cmake_core/cmake/index/ament_cmake_index_package_hook.cmake
