[0.436s] Invoking command in '/workspace/ros2_ws/build/ament_cmake_core': AMENT_PREFIX_PATH=/workspace/ros2_ws/install CMAKE_PREFIX_PATH=/workspace/ros2_ws/install PATH=/workspace/ros2_ws/install/bin:${PATH} PYTHONPATH=/workspace/ros2_ws/install/lib/python3.10/site-packages /usr/bin/cmake --build /workspace/ros2_ws/build/ament_cmake_core -- -j5 -l5
[0.772s] Invoked command in '/workspace/ros2_ws/build/ament_cmake_core' returned '0': AMENT_PREFIX_PATH=/workspace/ros2_ws/install CMAKE_PREFIX_PATH=/workspace/ros2_ws/install PATH=/workspace/ros2_ws/install/bin:${PATH} PYTHONPATH=/workspace/ros2_ws/install/lib/python3.10/site-packages /usr/bin/cmake --build /workspace/ros2_ws/build/ament_cmake_core -- -j5 -l5
[0.785s] Invoking command in '/workspace/ros2_ws/build/ament_cmake_core': AMENT_PREFIX_PATH=/workspace/ros2_ws/install CMAKE_PREFIX_PATH=/workspace/ros2_ws/install PATH=/workspace/ros2_ws/install/bin:${PATH} PYTHONPATH=/workspace/ros2_ws/install/lib/python3.10/site-packages /usr/bin/cmake --install /workspace/ros2_ws/build/ament_cmake_core
[0.848s] -- Install configuration: ""
[0.850s] -- Installing: /workspace/ros2_ws/install/share/ament_index/resource_index/package_run_dependencies/ament_cmake_core
[0.873s] -- Installing: /workspace/ros2_ws/install/share/ament_index/resource_index/parent_prefix_path/ament_cmake_core
[0.880s] -- Installing: /workspace/ros2_ws/install/share/ament_cmake_core/environment/ament_prefix_path.sh
[0.881s] -- Installing: /workspace/ros2_ws/install/share/ament_cmake_core/environment/ament_prefix_path.dsv
[0.886s] -- Installing: /workspace/ros2_ws/install/share/ament_cmake_core/environment/path.sh
[0.892s] -- Installing: /workspace/ros2_ws/install/share/ament_cmake_core/environment/path.dsv
[0.894s] -- Installing: /workspace/ros2_ws/install/share/ament_cmake_core/local_setup.bash
[0.895s] -- Installing: /workspace/ros2_ws/install/share/ament_cmake_core/local_setup.sh
[0.896s] -- Installing: /workspace/ros2_ws/install/share/ament_cmake_core/local_setup.zsh
[0.901s] -- Installing: /workspace/ros2_ws/install/share/ament_cmake_core/local_setup.dsv
[0.903s] -- Installing: /workspace/ros2_ws/install/share/ament_cmake_core/package.dsv
[0.905s] -- Installing: /workspace/ros2_ws/install/share/ament_index/resource_index/packages/ament_cmake_core
[0.908s] -- Installing: /workspace/ros2_ws/install/share/ament_cmake_core/cmake/ament_cmake_core-extras.cmake
[0.912s] -- Installing: /workspace/ros2_ws/install/share/ament_cmake_core/cmake/ament_cmake_environment-extras.cmake
[0.919s] -- Installing: /workspace/ros2_ws/install/share/ament_cmake_core/cmake/ament_cmake_environment_hooks-extras.cmake
[0.920s] -- Installing: /workspace/ros2_ws/install/share/ament_cmake_core/cmake/ament_cmake_index-extras.cmake
[0.922s] -- Installing: /workspace/ros2_ws/install/share/ament_cmake_core/cmake/ament_cmake_package_templates-extras.cmake
[0.924s] -- Installing: /workspace/ros2_ws/install/share/ament_cmake_core/cmake/ament_cmake_uninstall_target-extras.cmake
[0.925s] -- Installing: /workspace/ros2_ws/install/share/ament_cmake_core/cmake/ament_cmake_symlink_install-extras.cmake
[0.928s] -- Installing: /workspace/ros2_ws/install/share/ament_cmake_core/cmake/ament_cmake_coreConfig.cmake
[0.929s] -- Installing: /workspace/ros2_ws/install/share/ament_cmake_core/cmake/ament_cmake_coreConfig-version.cmake
[0.935s] -- Installing: /workspace/ros2_ws/install/share/ament_cmake_core/package.xml
[0.937s] -- Up-to-date: /workspace/ros2_ws/install/share/ament_cmake_core/cmake
[0.941s] -- Installing: /workspace/ros2_ws/install/share/ament_cmake_core/cmake/core
[0.941s] -- Installing: /workspace/ros2_ws/install/share/ament_cmake_core/cmake/core/normalize_path.cmake
[0.942s] -- Installing: /workspace/ros2_ws/install/share/ament_cmake_core/cmake/core/string_ends_with.cmake
[0.943s] -- Installing: /workspace/ros2_ws/install/share/ament_cmake_core/cmake/core/all.cmake
[0.945s] -- Installing: /workspace/ros2_ws/install/share/ament_cmake_core/cmake/core/ament_package.cmake
[0.947s] -- Installing: /workspace/ros2_ws/install/share/ament_cmake_core/cmake/core/ament_execute_extensions.cmake
[0.949s] -- Installing: /workspace/ros2_ws/install/share/ament_cmake_core/cmake/core/python.cmake
[0.955s] -- Installing: /workspace/ros2_ws/install/share/ament_cmake_core/cmake/core/stamp.cmake
[0.956s] -- Installing: /workspace/ros2_ws/install/share/ament_cmake_core/cmake/core/list_append_unique.cmake
[0.959s] -- Installing: /workspace/ros2_ws/install/share/ament_cmake_core/cmake/core/assert_file_exists.cmake
[0.960s] -- Installing: /workspace/ros2_ws/install/share/ament_cmake_core/cmake/core/ament_package_xml.cmake
[0.970s] -- Installing: /workspace/ros2_ws/install/share/ament_cmake_core/cmake/core/templates
[0.971s] -- Installing: /workspace/ros2_ws/install/share/ament_cmake_core/cmake/core/templates/nameConfig-version.cmake.in
[0.972s] -- Installing: /workspace/ros2_ws/install/share/ament_cmake_core/cmake/core/templates/nameConfig.cmake.in
[0.975s] -- Installing: /workspace/ros2_ws/install/share/ament_cmake_core/cmake/core/get_executable_path.cmake
[0.978s] -- Installing: /workspace/ros2_ws/install/share/ament_cmake_core/cmake/core/package_xml_2_cmake.py
[0.980s] -- Installing: /workspace/ros2_ws/install/share/ament_cmake_core/cmake/core/ament_register_extension.cmake
[0.985s] -- Installing: /workspace/ros2_ws/install/share/ament_cmake_core/cmake/package_templates
[0.985s] -- Installing: /workspace/ros2_ws/install/share/ament_cmake_core/cmake/package_templates/templates_2_cmake.py
[0.987s] -- Installing: /workspace/ros2_ws/install/share/ament_cmake_core/cmake/uninstall_target
[0.988s] -- Installing: /workspace/ros2_ws/install/share/ament_cmake_core/cmake/uninstall_target/ament_cmake_uninstall_target_append_uninstall_code.cmake
[0.990s] -- Installing: /workspace/ros2_ws/install/share/ament_cmake_core/cmake/uninstall_target/ament_cmake_uninstall_target.cmake.in
[0.993s] -- Installing: /workspace/ros2_ws/install/share/ament_cmake_core/cmake/symlink_install
[0.994s] -- Installing: /workspace/ros2_ws/install/share/ament_cmake_core/cmake/symlink_install/ament_cmake_symlink_install_programs.cmake
[0.998s] -- Installing: /workspace/ros2_ws/install/share/ament_cmake_core/cmake/symlink_install/ament_cmake_symlink_install_targets.cmake
[0.998s] -- Installing: /workspace/ros2_ws/install/share/ament_cmake_core/cmake/symlink_install/ament_cmake_symlink_install_directory.cmake
[1.002s] -- Installing: /workspace/ros2_ws/install/share/ament_cmake_core/cmake/symlink_install/ament_cmake_symlink_install_append_install_code.cmake
[1.009s] -- Installing: /workspace/ros2_ws/install/share/ament_cmake_core/cmake/symlink_install/ament_cmake_symlink_install_uninstall_script.cmake.in
[1.015s] -- Installing: /workspace/ros2_ws/install/share/ament_cmake_core/cmake/symlink_install/ament_cmake_symlink_install.cmake.in
[1.018s] -- Installing: /workspace/ros2_ws/install/share/ament_cmake_core/cmake/symlink_install/install.cmake
[1.020s] -- Installing: /workspace/ros2_ws/install/share/ament_cmake_core/cmake/symlink_install/ament_cmake_symlink_install_files.cmake
[1.023s] -- Installing: /workspace/ros2_ws/install/share/ament_cmake_core/cmake/environment_hooks
[1.024s] -- Installing: /workspace/ros2_ws/install/share/ament_cmake_core/cmake/environment_hooks/ament_generate_package_environment.cmake
[1.027s] -- Installing: /workspace/ros2_ws/install/share/ament_cmake_core/cmake/environment_hooks/ament_environment_hooks.cmake
[1.034s] -- Installing: /workspace/ros2_ws/install/share/ament_cmake_core/cmake/environment_hooks/ament_cmake_environment_hooks_package_hook.cmake
[1.035s] -- Installing: /workspace/ros2_ws/install/share/ament_cmake_core/cmake/environment_hooks/environment
[1.036s] -- Installing: /workspace/ros2_ws/install/share/ament_cmake_core/cmake/environment_hooks/environment/path.sh
[1.039s] -- Installing: /workspace/ros2_ws/install/share/ament_cmake_core/cmake/environment_hooks/environment/ament_prefix_path.sh
[1.043s] -- Installing: /workspace/ros2_ws/install/share/ament_cmake_core/cmake/environment_hooks/environment/path.bat
[1.047s] -- Installing: /workspace/ros2_ws/install/share/ament_cmake_core/cmake/environment_hooks/environment/ament_prefix_path.bat
[1.049s] -- Installing: /workspace/ros2_ws/install/share/ament_cmake_core/cmake/environment
[1.051s] -- Installing: /workspace/ros2_ws/install/share/ament_cmake_core/cmake/environment/ament_generate_environment.cmake
[1.052s] -- Installing: /workspace/ros2_ws/install/share/ament_cmake_core/cmake/environment/ament_cmake_environment_package_hook.cmake
[1.054s] -- Installing: /workspace/ros2_ws/install/share/ament_cmake_core/cmake/index
[1.054s] -- Installing: /workspace/ros2_ws/install/share/ament_cmake_core/cmake/index/ament_index_get_prefix_path.cmake
[1.057s] -- Installing: /workspace/ros2_ws/install/share/ament_cmake_core/cmake/index/ament_index_register_package.cmake
[1.058s] -- Installing: /workspace/ros2_ws/install/share/ament_cmake_core/cmake/index/ament_index_has_resource.cmake
[1.061s] -- Installing: /workspace/ros2_ws/install/share/ament_cmake_core/cmake/index/ament_index_get_resources.cmake
[1.063s] -- Installing: /workspace/ros2_ws/install/share/ament_cmake_core/cmake/index/ament_index_get_resource.cmake
[1.066s] -- Installing: /workspace/ros2_ws/install/share/ament_cmake_core/cmake/index/ament_index_register_resource.cmake
[1.069s] -- Installing: /workspace/ros2_ws/install/share/ament_cmake_core/cmake/index/ament_cmake_index_package_hook.cmake
