[0.601s] Invoking command in '/workspace/ros2_ws/src/ament/ament_lint/ament_lint': PYTHONPATH=/workspace/ros2_ws/build/ament_lint/prefix_override:/usr/local/lib/python3.10/dist-packages/colcon_core/task/python/colcon_distutils_commands:/opt/ros/humble/lib/python3.10/site-packages: /usr/bin/python3 -W ignore:setup.py install is deprecated -W ignore:easy_install command is deprecated setup.py egg_info --egg-base ../../../../build/ament_lint build --build-base /workspace/ros2_ws/build/ament_lint/build install --record /workspace/ros2_ws/build/ament_lint/install.log --single-version-externally-managed install_data
[0.714s] running egg_info
[0.715s] writing ../../../../build/ament_lint/ament_lint.egg-info/PKG-INFO
[0.716s] writing dependency_links to ../../../../build/ament_lint/ament_lint.egg-info/dependency_links.txt
[0.717s] writing entry points to ../../../../build/ament_lint/ament_lint.egg-info/entry_points.txt
[0.717s] writing requirements to ../../../../build/ament_lint/ament_lint.egg-info/requires.txt
[0.718s] writing top-level names to ../../../../build/ament_lint/ament_lint.egg-info/top_level.txt
[0.722s] reading manifest file '../../../../build/ament_lint/ament_lint.egg-info/SOURCES.txt'
[0.753s] writing manifest file '../../../../build/ament_lint/ament_lint.egg-info/SOURCES.txt'
[0.754s] running build
[0.754s] running build_py
[0.755s] running install
[0.755s] running install_lib
[0.755s] running install_data
[0.755s] running install_egg_info
[0.756s] removing '/opt/ros/humble/lib/python3.10/site-packages/ament_lint-0.12.15-py3.10.egg-info' (and everything under it)
[0.756s] Copying ../../../../build/ament_lint/ament_lint.egg-info to /opt/ros/humble/lib/python3.10/site-packages/ament_lint-0.12.15-py3.10.egg-info
[0.757s] running install_scripts
[0.759s] writing list of installed files to '/workspace/ros2_ws/build/ament_lint/install.log'
[0.814s] Invoked command in '/workspace/ros2_ws/src/ament/ament_lint/ament_lint' returned '0': PYTHONPATH=/workspace/ros2_ws/build/ament_lint/prefix_override:/usr/local/lib/python3.10/dist-packages/colcon_core/task/python/colcon_distutils_commands:/opt/ros/humble/lib/python3.10/site-packages: /usr/bin/python3 -W ignore:setup.py install is deprecated -W ignore:easy_install command is deprecated setup.py egg_info --egg-base ../../../../build/ament_lint build --build-base /workspace/ros2_ws/build/ament_lint/build install --record /workspace/ros2_ws/build/ament_lint/install.log --single-version-externally-managed install_data
