running egg_info
writing ../../../build/ament_package/ament_package.egg-info/PKG-INFO
writing dependency_links to ../../../build/ament_package/ament_package.egg-info/dependency_links.txt
writing requirements to ../../../build/ament_package/ament_package.egg-info/requires.txt
writing top-level names to ../../../build/ament_package/ament_package.egg-info/top_level.txt
reading manifest file '../../../build/ament_package/ament_package.egg-info/SOURCES.txt'
adding license file 'LICENSE'
writing manifest file '../../../build/ament_package/ament_package.egg-info/SOURCES.txt'
running build
running build_py
running install
running install_lib
creating /opt/ros/humble/lib/python3.10/site-packages/ament_package
creating /opt/ros/humble/lib/python3.10/site-packages/ament_package/template
creating /opt/ros/humble/lib/python3.10/site-packages/ament_package/template/isolated_prefix_level
copying /workspace/ros2_ws/build/ament_package/build/lib/ament_package/template/isolated_prefix_level/local_setup.bat.in -> /opt/ros/humble/lib/python3.10/site-packages/ament_package/template/isolated_prefix_level
copying /workspace/ros2_ws/build/ament_package/build/lib/ament_package/template/isolated_prefix_level/__init__.py -> /opt/ros/humble/lib/python3.10/site-packages/ament_package/template/isolated_prefix_level
copying /workspace/ros2_ws/build/ament_package/build/lib/ament_package/template/isolated_prefix_level/_order_isolated_packages.py -> /opt/ros/humble/lib/python3.10/site-packages/ament_package/template/isolated_prefix_level
copying /workspace/ros2_ws/build/ament_package/build/lib/ament_package/template/isolated_prefix_level/local_setup.sh.in -> /opt/ros/humble/lib/python3.10/site-packages/ament_package/template/isolated_prefix_level
copying /workspace/ros2_ws/build/ament_package/build/lib/ament_package/template/isolated_prefix_level/local_setup.zsh -> /opt/ros/humble/lib/python3.10/site-packages/ament_package/template/isolated_prefix_level
copying /workspace/ros2_ws/build/ament_package/build/lib/ament_package/template/isolated_prefix_level/local_setup.bash -> /opt/ros/humble/lib/python3.10/site-packages/ament_package/template/isolated_prefix_level
copying /workspace/ros2_ws/build/ament_package/build/lib/ament_package/template/__init__.py -> /opt/ros/humble/lib/python3.10/site-packages/ament_package/template
creating /opt/ros/humble/lib/python3.10/site-packages/ament_package/template/prefix_level
copying /workspace/ros2_ws/build/ament_package/build/lib/ament_package/template/prefix_level/local_setup.bat.in -> /opt/ros/humble/lib/python3.10/site-packages/ament_package/template/prefix_level
copying /workspace/ros2_ws/build/ament_package/build/lib/ament_package/template/prefix_level/setup.zsh -> /opt/ros/humble/lib/python3.10/site-packages/ament_package/template/prefix_level
copying /workspace/ros2_ws/build/ament_package/build/lib/ament_package/template/prefix_level/setup.sh.in -> /opt/ros/humble/lib/python3.10/site-packages/ament_package/template/prefix_level
copying /workspace/ros2_ws/build/ament_package/build/lib/ament_package/template/prefix_level/__init__.py -> /opt/ros/humble/lib/python3.10/site-packages/ament_package/template/prefix_level
copying /workspace/ros2_ws/build/ament_package/build/lib/ament_package/template/prefix_level/local_setup.sh.in -> /opt/ros/humble/lib/python3.10/site-packages/ament_package/template/prefix_level
copying /workspace/ros2_ws/build/ament_package/build/lib/ament_package/template/prefix_level/local_setup.zsh -> /opt/ros/humble/lib/python3.10/site-packages/ament_package/template/prefix_level
copying /workspace/ros2_ws/build/ament_package/build/lib/ament_package/template/prefix_level/_local_setup_util.py -> /opt/ros/humble/lib/python3.10/site-packages/ament_package/template/prefix_level
copying /workspace/ros2_ws/build/ament_package/build/lib/ament_package/template/prefix_level/setup.bash -> /opt/ros/humble/lib/python3.10/site-packages/ament_package/template/prefix_level
copying /workspace/ros2_ws/build/ament_package/build/lib/ament_package/template/prefix_level/setup.bat.in -> /opt/ros/humble/lib/python3.10/site-packages/ament_package/template/prefix_level
copying /workspace/ros2_ws/build/ament_package/build/lib/ament_package/template/prefix_level/local_setup.bash -> /opt/ros/humble/lib/python3.10/site-packages/ament_package/template/prefix_level
creating /opt/ros/humble/lib/python3.10/site-packages/ament_package/template/package_level
copying /workspace/ros2_ws/build/ament_package/build/lib/ament_package/template/package_level/local_setup.bat.in -> /opt/ros/humble/lib/python3.10/site-packages/ament_package/template/package_level
copying /workspace/ros2_ws/build/ament_package/build/lib/ament_package/template/package_level/local_setup.zsh.in -> /opt/ros/humble/lib/python3.10/site-packages/ament_package/template/package_level
copying /workspace/ros2_ws/build/ament_package/build/lib/ament_package/template/package_level/__init__.py -> /opt/ros/humble/lib/python3.10/site-packages/ament_package/template/package_level
copying /workspace/ros2_ws/build/ament_package/build/lib/ament_package/template/package_level/local_setup.bash.in -> /opt/ros/humble/lib/python3.10/site-packages/ament_package/template/package_level
copying /workspace/ros2_ws/build/ament_package/build/lib/ament_package/template/package_level/local_setup.sh.in -> /opt/ros/humble/lib/python3.10/site-packages/ament_package/template/package_level
creating /opt/ros/humble/lib/python3.10/site-packages/ament_package/template/environment_hook
copying /workspace/ros2_ws/build/ament_package/build/lib/ament_package/template/environment_hook/__init__.py -> /opt/ros/humble/lib/python3.10/site-packages/ament_package/template/environment_hook
copying /workspace/ros2_ws/build/ament_package/build/lib/ament_package/template/environment_hook/path.sh -> /opt/ros/humble/lib/python3.10/site-packages/ament_package/template/environment_hook
copying /workspace/ros2_ws/build/ament_package/build/lib/ament_package/template/environment_hook/pkg_config_path.sh -> /opt/ros/humble/lib/python3.10/site-packages/ament_package/template/environment_hook
copying /workspace/ros2_ws/build/ament_package/build/lib/ament_package/template/environment_hook/library_path.sh -> /opt/ros/humble/lib/python3.10/site-packages/ament_package/template/environment_hook
copying /workspace/ros2_ws/build/ament_package/build/lib/ament_package/template/environment_hook/ament_prefix_path.sh -> /opt/ros/humble/lib/python3.10/site-packages/ament_package/template/environment_hook
copying /workspace/ros2_ws/build/ament_package/build/lib/ament_package/template/environment_hook/pythonpath.sh.in -> /opt/ros/humble/lib/python3.10/site-packages/ament_package/template/environment_hook
copying /workspace/ros2_ws/build/ament_package/build/lib/ament_package/template/environment_hook/pkg_config_path.bat -> /opt/ros/humble/lib/python3.10/site-packages/ament_package/template/environment_hook
copying /workspace/ros2_ws/build/ament_package/build/lib/ament_package/template/environment_hook/path.bat -> /opt/ros/humble/lib/python3.10/site-packages/ament_package/template/environment_hook
copying /workspace/ros2_ws/build/ament_package/build/lib/ament_package/template/environment_hook/pythonpath.bat.in -> /opt/ros/humble/lib/python3.10/site-packages/ament_package/template/environment_hook
copying /workspace/ros2_ws/build/ament_package/build/lib/ament_package/template/environment_hook/ament_prefix_path.bat -> /opt/ros/humble/lib/python3.10/site-packages/ament_package/template/environment_hook
copying /workspace/ros2_ws/build/ament_package/build/lib/ament_package/__init__.py -> /opt/ros/humble/lib/python3.10/site-packages/ament_package
copying /workspace/ros2_ws/build/ament_package/build/lib/ament_package/templates.py -> /opt/ros/humble/lib/python3.10/site-packages/ament_package
byte-compiling /opt/ros/humble/lib/python3.10/site-packages/ament_package/template/isolated_prefix_level/__init__.py to __init__.cpython-310.pyc
byte-compiling /opt/ros/humble/lib/python3.10/site-packages/ament_package/template/isolated_prefix_level/_order_isolated_packages.py to _order_isolated_packages.cpython-310.pyc
byte-compiling /opt/ros/humble/lib/python3.10/site-packages/ament_package/template/__init__.py to __init__.cpython-310.pyc
byte-compiling /opt/ros/humble/lib/python3.10/site-packages/ament_package/template/prefix_level/__init__.py to __init__.cpython-310.pyc
byte-compiling /opt/ros/humble/lib/python3.10/site-packages/ament_package/template/prefix_level/_local_setup_util.py to _local_setup_util.cpython-310.pyc
byte-compiling /opt/ros/humble/lib/python3.10/site-packages/ament_package/template/package_level/__init__.py to __init__.cpython-310.pyc
byte-compiling /opt/ros/humble/lib/python3.10/site-packages/ament_package/template/environment_hook/__init__.py to __init__.cpython-310.pyc
byte-compiling /opt/ros/humble/lib/python3.10/site-packages/ament_package/__init__.py to __init__.cpython-310.pyc
byte-compiling /opt/ros/humble/lib/python3.10/site-packages/ament_package/templates.py to templates.cpython-310.pyc
running install_data
copying package.xml -> /opt/ros/humble/share/ament_package
copying resource/ament_package -> /opt/ros/humble/share/ament_index/resource_index/packages
running install_egg_info
Copying ../../../build/ament_package/ament_package.egg-info to /opt/ros/humble/lib/python3.10/site-packages/ament_package-0.14.2-py3.10.egg-info
running install_scripts
writing list of installed files to '/workspace/ros2_ws/build/ament_package/install.log'
