[0.636s] Invoking command in '/workspace/ros2_ws/src/ament/ament_package': PYTHONPATH=/workspace/ros2_ws/build/ament_package/prefix_override:/usr/local/lib/python3.10/dist-packages/colcon_core/task/python/colcon_distutils_commands:/opt/ros/humble/lib/python3.10/site-packages: /usr/bin/python3 -W ignore:setup.py install is deprecated -W ignore:easy_install command is deprecated setup.py egg_info --egg-base ../../../build/ament_package build --build-base /workspace/ros2_ws/build/ament_package/build install --record /workspace/ros2_ws/build/ament_package/install.log --single-version-externally-managed install_data
[0.726s] running egg_info
[0.731s] writing ../../../build/ament_package/ament_package.egg-info/PKG-INFO
[0.734s] writing dependency_links to ../../../build/ament_package/ament_package.egg-info/dependency_links.txt
[0.739s] writing requirements to ../../../build/ament_package/ament_package.egg-info/requires.txt
[0.740s] writing top-level names to ../../../build/ament_package/ament_package.egg-info/top_level.txt
[0.765s] reading manifest file '../../../build/ament_package/ament_package.egg-info/SOURCES.txt'
[0.767s] adding license file 'LICENSE'
[0.767s] writing manifest file '../../../build/ament_package/ament_package.egg-info/SOURCES.txt'
[0.768s] running build
[0.768s] running build_py
[0.795s] running install
[0.804s] running install_lib
[0.806s] creating /opt/ros/humble/lib/python3.10/site-packages/ament_package
[0.806s] creating /opt/ros/humble/lib/python3.10/site-packages/ament_package/template
[0.806s] creating /opt/ros/humble/lib/python3.10/site-packages/ament_package/template/isolated_prefix_level
[0.807s] copying /workspace/ros2_ws/build/ament_package/build/lib/ament_package/template/isolated_prefix_level/local_setup.bat.in -> /opt/ros/humble/lib/python3.10/site-packages/ament_package/template/isolated_prefix_level
[0.808s] copying /workspace/ros2_ws/build/ament_package/build/lib/ament_package/template/isolated_prefix_level/__init__.py -> /opt/ros/humble/lib/python3.10/site-packages/ament_package/template/isolated_prefix_level
[0.809s] copying /workspace/ros2_ws/build/ament_package/build/lib/ament_package/template/isolated_prefix_level/_order_isolated_packages.py -> /opt/ros/humble/lib/python3.10/site-packages/ament_package/template/isolated_prefix_level
[0.810s] copying /workspace/ros2_ws/build/ament_package/build/lib/ament_package/template/isolated_prefix_level/local_setup.sh.in -> /opt/ros/humble/lib/python3.10/site-packages/ament_package/template/isolated_prefix_level
[0.810s] copying /workspace/ros2_ws/build/ament_package/build/lib/ament_package/template/isolated_prefix_level/local_setup.zsh -> /opt/ros/humble/lib/python3.10/site-packages/ament_package/template/isolated_prefix_level
[0.811s] copying /workspace/ros2_ws/build/ament_package/build/lib/ament_package/template/isolated_prefix_level/local_setup.bash -> /opt/ros/humble/lib/python3.10/site-packages/ament_package/template/isolated_prefix_level
[0.812s] copying /workspace/ros2_ws/build/ament_package/build/lib/ament_package/template/__init__.py -> /opt/ros/humble/lib/python3.10/site-packages/ament_package/template
[0.812s] creating /opt/ros/humble/lib/python3.10/site-packages/ament_package/template/prefix_level
[0.813s] copying /workspace/ros2_ws/build/ament_package/build/lib/ament_package/template/prefix_level/local_setup.bat.in -> /opt/ros/humble/lib/python3.10/site-packages/ament_package/template/prefix_level
[0.813s] copying /workspace/ros2_ws/build/ament_package/build/lib/ament_package/template/prefix_level/setup.zsh -> /opt/ros/humble/lib/python3.10/site-packages/ament_package/template/prefix_level
[0.813s] copying /workspace/ros2_ws/build/ament_package/build/lib/ament_package/template/prefix_level/setup.sh.in -> /opt/ros/humble/lib/python3.10/site-packages/ament_package/template/prefix_level
[0.814s] copying /workspace/ros2_ws/build/ament_package/build/lib/ament_package/template/prefix_level/__init__.py -> /opt/ros/humble/lib/python3.10/site-packages/ament_package/template/prefix_level
[0.814s] copying /workspace/ros2_ws/build/ament_package/build/lib/ament_package/template/prefix_level/local_setup.sh.in -> /opt/ros/humble/lib/python3.10/site-packages/ament_package/template/prefix_level
[0.815s] copying /workspace/ros2_ws/build/ament_package/build/lib/ament_package/template/prefix_level/local_setup.zsh -> /opt/ros/humble/lib/python3.10/site-packages/ament_package/template/prefix_level
[0.816s] copying /workspace/ros2_ws/build/ament_package/build/lib/ament_package/template/prefix_level/_local_setup_util.py -> /opt/ros/humble/lib/python3.10/site-packages/ament_package/template/prefix_level
[0.817s] copying /workspace/ros2_ws/build/ament_package/build/lib/ament_package/template/prefix_level/setup.bash -> /opt/ros/humble/lib/python3.10/site-packages/ament_package/template/prefix_level
[0.817s] copying /workspace/ros2_ws/build/ament_package/build/lib/ament_package/template/prefix_level/setup.bat.in -> /opt/ros/humble/lib/python3.10/site-packages/ament_package/template/prefix_level
[0.819s] copying /workspace/ros2_ws/build/ament_package/build/lib/ament_package/template/prefix_level/local_setup.bash -> /opt/ros/humble/lib/python3.10/site-packages/ament_package/template/prefix_level
[0.820s] creating /opt/ros/humble/lib/python3.10/site-packages/ament_package/template/package_level
[0.820s] copying /workspace/ros2_ws/build/ament_package/build/lib/ament_package/template/package_level/local_setup.bat.in -> /opt/ros/humble/lib/python3.10/site-packages/ament_package/template/package_level
[0.820s] copying /workspace/ros2_ws/build/ament_package/build/lib/ament_package/template/package_level/local_setup.zsh.in -> /opt/ros/humble/lib/python3.10/site-packages/ament_package/template/package_level
[0.820s] copying /workspace/ros2_ws/build/ament_package/build/lib/ament_package/template/package_level/__init__.py -> /opt/ros/humble/lib/python3.10/site-packages/ament_package/template/package_level
[0.820s] copying /workspace/ros2_ws/build/ament_package/build/lib/ament_package/template/package_level/local_setup.bash.in -> /opt/ros/humble/lib/python3.10/site-packages/ament_package/template/package_level
[0.821s] copying /workspace/ros2_ws/build/ament_package/build/lib/ament_package/template/package_level/local_setup.sh.in -> /opt/ros/humble/lib/python3.10/site-packages/ament_package/template/package_level
[0.822s] creating /opt/ros/humble/lib/python3.10/site-packages/ament_package/template/environment_hook
[0.830s] copying /workspace/ros2_ws/build/ament_package/build/lib/ament_package/template/environment_hook/__init__.py -> /opt/ros/humble/lib/python3.10/site-packages/ament_package/template/environment_hook
[0.830s] copying /workspace/ros2_ws/build/ament_package/build/lib/ament_package/template/environment_hook/path.sh -> /opt/ros/humble/lib/python3.10/site-packages/ament_package/template/environment_hook
[0.831s] copying /workspace/ros2_ws/build/ament_package/build/lib/ament_package/template/environment_hook/pkg_config_path.sh -> /opt/ros/humble/lib/python3.10/site-packages/ament_package/template/environment_hook
[0.831s] copying /workspace/ros2_ws/build/ament_package/build/lib/ament_package/template/environment_hook/library_path.sh -> /opt/ros/humble/lib/python3.10/site-packages/ament_package/template/environment_hook
[0.831s] copying /workspace/ros2_ws/build/ament_package/build/lib/ament_package/template/environment_hook/ament_prefix_path.sh -> /opt/ros/humble/lib/python3.10/site-packages/ament_package/template/environment_hook
[0.834s] copying /workspace/ros2_ws/build/ament_package/build/lib/ament_package/template/environment_hook/pythonpath.sh.in -> /opt/ros/humble/lib/python3.10/site-packages/ament_package/template/environment_hook
[0.835s] copying /workspace/ros2_ws/build/ament_package/build/lib/ament_package/template/environment_hook/pkg_config_path.bat -> /opt/ros/humble/lib/python3.10/site-packages/ament_package/template/environment_hook
[0.836s] copying /workspace/ros2_ws/build/ament_package/build/lib/ament_package/template/environment_hook/path.bat -> /opt/ros/humble/lib/python3.10/site-packages/ament_package/template/environment_hook
[0.841s] copying /workspace/ros2_ws/build/ament_package/build/lib/ament_package/template/environment_hook/pythonpath.bat.in -> /opt/ros/humble/lib/python3.10/site-packages/ament_package/template/environment_hook
[0.841s] copying /workspace/ros2_ws/build/ament_package/build/lib/ament_package/template/environment_hook/ament_prefix_path.bat -> /opt/ros/humble/lib/python3.10/site-packages/ament_package/template/environment_hook
[0.841s] copying /workspace/ros2_ws/build/ament_package/build/lib/ament_package/__init__.py -> /opt/ros/humble/lib/python3.10/site-packages/ament_package
[0.841s] copying /workspace/ros2_ws/build/ament_package/build/lib/ament_package/templates.py -> /opt/ros/humble/lib/python3.10/site-packages/ament_package
[0.841s] byte-compiling /opt/ros/humble/lib/python3.10/site-packages/ament_package/template/isolated_prefix_level/__init__.py to __init__.cpython-310.pyc
[0.842s] byte-compiling /opt/ros/humble/lib/python3.10/site-packages/ament_package/template/isolated_prefix_level/_order_isolated_packages.py to _order_isolated_packages.cpython-310.pyc
[0.842s] byte-compiling /opt/ros/humble/lib/python3.10/site-packages/ament_package/template/__init__.py to __init__.cpython-310.pyc
[0.843s] byte-compiling /opt/ros/humble/lib/python3.10/site-packages/ament_package/template/prefix_level/__init__.py to __init__.cpython-310.pyc
[0.844s] byte-compiling /opt/ros/humble/lib/python3.10/site-packages/ament_package/template/prefix_level/_local_setup_util.py to _local_setup_util.cpython-310.pyc
[0.853s] byte-compiling /opt/ros/humble/lib/python3.10/site-packages/ament_package/template/package_level/__init__.py to __init__.cpython-310.pyc
[0.854s] byte-compiling /opt/ros/humble/lib/python3.10/site-packages/ament_package/template/environment_hook/__init__.py to __init__.cpython-310.pyc
[0.855s] byte-compiling /opt/ros/humble/lib/python3.10/site-packages/ament_package/__init__.py to __init__.cpython-310.pyc
[0.857s] byte-compiling /opt/ros/humble/lib/python3.10/site-packages/ament_package/templates.py to templates.cpython-310.pyc
[0.858s] running install_data
[0.858s] copying package.xml -> /opt/ros/humble/share/ament_package
[0.860s] copying resource/ament_package -> /opt/ros/humble/share/ament_index/resource_index/packages
[0.866s] running install_egg_info
[0.867s] Copying ../../../build/ament_package/ament_package.egg-info to /opt/ros/humble/lib/python3.10/site-packages/ament_package-0.14.2-py3.10.egg-info
[0.870s] running install_scripts
[0.875s] writing list of installed files to '/workspace/ros2_ws/build/ament_package/install.log'
[0.960s] Invoked command in '/workspace/ros2_ws/src/ament/ament_package' returned '0': PYTHONPATH=/workspace/ros2_ws/build/ament_package/prefix_override:/usr/local/lib/python3.10/dist-packages/colcon_core/task/python/colcon_distutils_commands:/opt/ros/humble/lib/python3.10/site-packages: /usr/bin/python3 -W ignore:setup.py install is deprecated -W ignore:easy_install command is deprecated setup.py egg_info --egg-base ../../../build/ament_package build --build-base /workspace/ros2_ws/build/ament_package/build install --record /workspace/ros2_ws/build/ament_package/install.log --single-version-externally-managed install_data
