[0.325s] Invoking command in '/workspace/ros2_ws/src/ament/ament_lint/ament_flake8': AMENT_PREFIX_PATH=/opt/ros/humble CMAKE_PREFIX_PATH=/opt/ros/humble LD_LIBRARY_PATH=/opt/ros/humble/lib PATH=/opt/ros/humble/bin:${PATH} PYTHONPATH=/workspace/ros2_ws/build/ament_flake8/prefix_override:/usr/local/lib/python3.10/dist-packages/colcon_core/task/python/colcon_distutils_commands:/opt/ros/humble/lib/python3.10/site-packages:/opt/ros/humble/lib/python3.10/site-packages /usr/bin/python3 -W ignore:setup.py install is deprecated -W ignore:easy_install command is deprecated setup.py egg_info --egg-base ../../../../build/ament_flake8 build --build-base /workspace/ros2_ws/build/ament_flake8/build install --record /workspace/ros2_ws/build/ament_flake8/install.log --single-version-externally-managed install_data
[0.489s] running egg_info
[0.490s] writing ../../../../build/ament_flake8/ament_flake8.egg-info/PKG-INFO
[0.490s] writing dependency_links to ../../../../build/ament_flake8/ament_flake8.egg-info/dependency_links.txt
[0.491s] writing entry points to ../../../../build/ament_flake8/ament_flake8.egg-info/entry_points.txt
[0.491s] writing requirements to ../../../../build/ament_flake8/ament_flake8.egg-info/requires.txt
[0.491s] writing top-level names to ../../../../build/ament_flake8/ament_flake8.egg-info/top_level.txt
[0.492s] reading manifest file '../../../../build/ament_flake8/ament_flake8.egg-info/SOURCES.txt'
[0.492s] writing manifest file '../../../../build/ament_flake8/ament_flake8.egg-info/SOURCES.txt'
[0.494s] running build
[0.494s] running build_py
[0.495s] running install
[0.495s] running install_lib
[0.496s] running install_data
[0.496s] running install_egg_info
[0.496s] removing '/opt/ros/humble/lib/python3.10/site-packages/ament_flake8-0.12.15-py3.10.egg-info' (and everything under it)
[0.497s] Copying ../../../../build/ament_flake8/ament_flake8.egg-info to /opt/ros/humble/lib/python3.10/site-packages/ament_flake8-0.12.15-py3.10.egg-info
[0.499s] running install_scripts
[0.508s] Installing ament_flake8 script to /opt/ros/humble/bin
[0.508s] writing list of installed files to '/workspace/ros2_ws/build/ament_flake8/install.log'
