[0.472s] Invoking command in '/workspace/ros2_ws/src/ament/ament_lint/ament_pycodestyle': PYTHONPATH=/workspace/ros2_ws/build/ament_pycodestyle/prefix_override:/usr/local/lib/python3.10/dist-packages/colcon_core/task/python/colcon_distutils_commands:/opt/ros/humble/lib/python3.10/site-packages: /usr/bin/python3 -W ignore:setup.py install is deprecated -W ignore:easy_install command is deprecated setup.py egg_info --egg-base ../../../../build/ament_pycodestyle build --build-base /workspace/ros2_ws/build/ament_pycodestyle/build install --record /workspace/ros2_ws/build/ament_pycodestyle/install.log --single-version-externally-managed install_data
[0.559s] running egg_info
[0.559s] writing ../../../../build/ament_pycodestyle/ament_pycodestyle.egg-info/PKG-INFO
[0.562s] writing dependency_links to ../../../../build/ament_pycodestyle/ament_pycodestyle.egg-info/dependency_links.txt
[0.563s] writing entry points to ../../../../build/ament_pycodestyle/ament_pycodestyle.egg-info/entry_points.txt
[0.564s] writing requirements to ../../../../build/ament_pycodestyle/ament_pycodestyle.egg-info/requires.txt
[0.565s] writing top-level names to ../../../../build/ament_pycodestyle/ament_pycodestyle.egg-info/top_level.txt
[0.570s] reading manifest file '../../../../build/ament_pycodestyle/ament_pycodestyle.egg-info/SOURCES.txt'
[0.572s] writing manifest file '../../../../build/ament_pycodestyle/ament_pycodestyle.egg-info/SOURCES.txt'
[0.573s] running build
[0.574s] running build_py
[0.574s] running install
[0.575s] running install_lib
[0.578s] running install_data
[0.578s] running install_egg_info
[0.583s] removing '/opt/ros/humble/lib/python3.10/site-packages/ament_pycodestyle-0.12.15-py3.10.egg-info' (and everything under it)
[0.584s] Copying ../../../../build/ament_pycodestyle/ament_pycodestyle.egg-info to /opt/ros/humble/lib/python3.10/site-packages/ament_pycodestyle-0.12.15-py3.10.egg-info
[0.585s] running install_scripts
[0.598s] Installing ament_pycodestyle script to /opt/ros/humble/bin
[0.598s] writing list of installed files to '/workspace/ros2_ws/build/ament_pycodestyle/install.log'
[0.638s] Invoked command in '/workspace/ros2_ws/src/ament/ament_lint/ament_pycodestyle' returned '0': PYTHONPATH=/workspace/ros2_ws/build/ament_pycodestyle/prefix_override:/usr/local/lib/python3.10/dist-packages/colcon_core/task/python/colcon_distutils_commands:/opt/ros/humble/lib/python3.10/site-packages: /usr/bin/python3 -W ignore:setup.py install is deprecated -W ignore:easy_install command is deprecated setup.py egg_info --egg-base ../../../../build/ament_pycodestyle build --build-base /workspace/ros2_ws/build/ament_pycodestyle/build install --record /workspace/ros2_ws/build/ament_pycodestyle/install.log --single-version-externally-managed install_data
