[0.115s] Invoking command in '/workspace/ros2_ws/build/ament_cmake_core': AMENT_PREFIX_PATH=/opt/ros/humble CMAKE_PREFIX_PATH=/opt/ros/humble LD_LIBRARY_PATH=/opt/ros/humble/lib PATH=/opt/ros/humble/bin:${PATH} PYTHONPATH=/opt/ros/humble/lib/python3.10/site-packages /usr/bin/cmake --build /workspace/ros2_ws/build/ament_cmake_core -- -j5 -l5
[0.143s] Invoked command in '/workspace/ros2_ws/build/ament_cmake_core' returned '0': AMENT_PREFIX_PATH=/opt/ros/humble CMAKE_PREFIX_PATH=/opt/ros/humble LD_LIBRARY_PATH=/opt/ros/humble/lib PATH=/opt/ros/humble/bin:${PATH} PYTHONPATH=/opt/ros/humble/lib/python3.10/site-packages /usr/bin/cmake --build /workspace/ros2_ws/build/ament_cmake_core -- -j5 -l5
[0.148s] Invoking command in '/workspace/ros2_ws/build/ament_cmake_core': AMENT_PREFIX_PATH=/opt/ros/humble CMAKE_PREFIX_PATH=/opt/ros/humble LD_LIBRARY_PATH=/opt/ros/humble/lib PATH=/opt/ros/humble/bin:${PATH} PYTHONPATH=/opt/ros/humble/lib/python3.10/site-packages /usr/bin/cmake --install /workspace/ros2_ws/build/ament_cmake_core
[0.155s] -- Install configuration: "Release"
[0.156s] -- Up-to-date: /opt/ros/humble/share/ament_index/resource_index/package_run_dependencies/ament_cmake_core
[0.157s] -- Up-to-date: /opt/ros/humble/share/ament_index/resource_index/parent_prefix_path/ament_cmake_core
[0.158s] -- Up-to-date: /opt/ros/humble/share/ament_cmake_core/environment/ament_prefix_path.sh
[0.158s] -- Up-to-date: /opt/ros/humble/share/ament_cmake_core/environment/ament_prefix_path.dsv
[0.159s] -- Up-to-date: /opt/ros/humble/share/ament_cmake_core/environment/path.sh
[0.163s] -- Up-to-date: /opt/ros/humble/share/ament_cmake_core/environment/path.dsv
[0.164s] -- Up-to-date: /opt/ros/humble/share/ament_cmake_core/local_setup.bash
[0.166s] -- Up-to-date: /opt/ros/humble/share/ament_cmake_core/local_setup.sh
[0.167s] -- Up-to-date: /opt/ros/humble/share/ament_cmake_core/local_setup.zsh
[0.169s] -- Up-to-date: /opt/ros/humble/share/ament_cmake_core/local_setup.dsv
[0.170s] -- Installing: /opt/ros/humble/share/ament_cmake_core/package.dsv
[0.178s] -- Up-to-date: /opt/ros/humble/share/ament_index/resource_index/packages/ament_cmake_core
[0.179s] -- Up-to-date: /opt/ros/humble/share/ament_cmake_core/cmake/ament_cmake_core-extras.cmake
[0.180s] -- Up-to-date: /opt/ros/humble/share/ament_cmake_core/cmake/ament_cmake_environment-extras.cmake
[0.184s] -- Up-to-date: /opt/ros/humble/share/ament_cmake_core/cmake/ament_cmake_environment_hooks-extras.cmake
[0.185s] -- Up-to-date: /opt/ros/humble/share/ament_cmake_core/cmake/ament_cmake_index-extras.cmake
[0.189s] -- Up-to-date: /opt/ros/humble/share/ament_cmake_core/cmake/ament_cmake_package_templates-extras.cmake
[0.192s] -- Up-to-date: /opt/ros/humble/share/ament_cmake_core/cmake/ament_cmake_uninstall_target-extras.cmake
[0.195s] -- Up-to-date: /opt/ros/humble/share/ament_cmake_core/cmake/ament_cmake_symlink_install-extras.cmake
[0.195s] -- Up-to-date: /opt/ros/humble/share/ament_cmake_core/cmake/ament_cmake_coreConfig.cmake
[0.198s] -- Up-to-date: /opt/ros/humble/share/ament_cmake_core/cmake/ament_cmake_coreConfig-version.cmake
[0.200s] -- Up-to-date: /opt/ros/humble/share/ament_cmake_core/package.xml
[0.205s] -- Up-to-date: /opt/ros/humble/share/ament_cmake_core/cmake
[0.205s] -- Up-to-date: /opt/ros/humble/share/ament_cmake_core/cmake/core
[0.206s] -- Up-to-date: /opt/ros/humble/share/ament_cmake_core/cmake/core/normalize_path.cmake
[0.207s] -- Up-to-date: /opt/ros/humble/share/ament_cmake_core/cmake/core/string_ends_with.cmake
[0.207s] -- Up-to-date: /opt/ros/humble/share/ament_cmake_core/cmake/core/all.cmake
[0.208s] -- Up-to-date: /opt/ros/humble/share/ament_cmake_core/cmake/core/ament_package.cmake
[0.209s] -- Up-to-date: /opt/ros/humble/share/ament_cmake_core/cmake/core/ament_execute_extensions.cmake
[0.211s] -- Up-to-date: /opt/ros/humble/share/ament_cmake_core/cmake/core/python.cmake
[0.212s] -- Up-to-date: /opt/ros/humble/share/ament_cmake_core/cmake/core/stamp.cmake
[0.213s] -- Up-to-date: /opt/ros/humble/share/ament_cmake_core/cmake/core/list_append_unique.cmake
[0.213s] -- Up-to-date: /opt/ros/humble/share/ament_cmake_core/cmake/core/assert_file_exists.cmake
[0.214s] -- Up-to-date: /opt/ros/humble/share/ament_cmake_core/cmake/core/ament_package_xml.cmake
[0.215s] -- Up-to-date: /opt/ros/humble/share/ament_cmake_core/cmake/core/templates
[0.217s] -- Up-to-date: /opt/ros/humble/share/ament_cmake_core/cmake/core/templates/nameConfig-version.cmake.in
[0.217s] -- Up-to-date: /opt/ros/humble/share/ament_cmake_core/cmake/core/templates/nameConfig.cmake.in
[0.218s] -- Up-to-date: /opt/ros/humble/share/ament_cmake_core/cmake/core/get_executable_path.cmake
[0.219s] -- Up-to-date: /opt/ros/humble/share/ament_cmake_core/cmake/core/package_xml_2_cmake.py
[0.220s] -- Up-to-date: /opt/ros/humble/share/ament_cmake_core/cmake/core/ament_register_extension.cmake
[0.220s] -- Up-to-date: /opt/ros/humble/share/ament_cmake_core/cmake/package_templates
[0.221s] -- Up-to-date: /opt/ros/humble/share/ament_cmake_core/cmake/package_templates/templates_2_cmake.py
[0.222s] -- Up-to-date: /opt/ros/humble/share/ament_cmake_core/cmake/uninstall_target
[0.223s] -- Up-to-date: /opt/ros/humble/share/ament_cmake_core/cmake/uninstall_target/ament_cmake_uninstall_target_append_uninstall_code.cmake
[0.224s] -- Up-to-date: /opt/ros/humble/share/ament_cmake_core/cmake/uninstall_target/ament_cmake_uninstall_target.cmake.in
[0.224s] -- Up-to-date: /opt/ros/humble/share/ament_cmake_core/cmake/symlink_install
[0.225s] -- Up-to-date: /opt/ros/humble/share/ament_cmake_core/cmake/symlink_install/ament_cmake_symlink_install_programs.cmake
[0.225s] -- Up-to-date: /opt/ros/humble/share/ament_cmake_core/cmake/symlink_install/ament_cmake_symlink_install_targets.cmake
[0.226s] -- Up-to-date: /opt/ros/humble/share/ament_cmake_core/cmake/symlink_install/ament_cmake_symlink_install_directory.cmake
[0.227s] -- Up-to-date: /opt/ros/humble/share/ament_cmake_core/cmake/symlink_install/ament_cmake_symlink_install_append_install_code.cmake
[0.227s] -- Up-to-date: /opt/ros/humble/share/ament_cmake_core/cmake/symlink_install/ament_cmake_symlink_install_uninstall_script.cmake.in
[0.228s] -- Up-to-date: /opt/ros/humble/share/ament_cmake_core/cmake/symlink_install/ament_cmake_symlink_install.cmake.in
[0.229s] -- Up-to-date: /opt/ros/humble/share/ament_cmake_core/cmake/symlink_install/install.cmake
[0.229s] -- Up-to-date: /opt/ros/humble/share/ament_cmake_core/cmake/symlink_install/ament_cmake_symlink_install_files.cmake
[0.231s] -- Up-to-date: /opt/ros/humble/share/ament_cmake_core/cmake/environment_hooks
[0.232s] -- Up-to-date: /opt/ros/humble/share/ament_cmake_core/cmake/environment_hooks/ament_generate_package_environment.cmake
[0.232s] -- Up-to-date: /opt/ros/humble/share/ament_cmake_core/cmake/environment_hooks/ament_environment_hooks.cmake
[0.233s] -- Up-to-date: /opt/ros/humble/share/ament_cmake_core/cmake/environment_hooks/ament_cmake_environment_hooks_package_hook.cmake
[0.234s] -- Up-to-date: /opt/ros/humble/share/ament_cmake_core/cmake/environment_hooks/environment
[0.240s] -- Up-to-date: /opt/ros/humble/share/ament_cmake_core/cmake/environment_hooks/environment/path.sh
[0.241s] -- Up-to-date: /opt/ros/humble/share/ament_cmake_core/cmake/environment_hooks/environment/ament_prefix_path.sh
[0.241s] -- Up-to-date: /opt/ros/humble/share/ament_cmake_core/cmake/environment_hooks/environment/path.bat
[0.242s] -- Up-to-date: /opt/ros/humble/share/ament_cmake_core/cmake/environment_hooks/environment/ament_prefix_path.bat
[0.244s] -- Up-to-date: /opt/ros/humble/share/ament_cmake_core/cmake/environment
[0.245s] -- Up-to-date: /opt/ros/humble/share/ament_cmake_core/cmake/environment/ament_generate_environment.cmake
[0.245s] -- Up-to-date: /opt/ros/humble/share/ament_cmake_core/cmake/environment/ament_cmake_environment_package_hook.cmake
[0.245s] -- Up-to-date: /opt/ros/humble/share/ament_cmake_core/cmake/index
[0.246s] -- Up-to-date: /opt/ros/humble/share/ament_cmake_core/cmake/index/ament_index_get_prefix_path.cmake
[0.247s] -- Up-to-date: /opt/ros/humble/share/ament_cmake_core/cmake/index/ament_index_register_package.cmake
[0.248s] -- Up-to-date: /opt/ros/humble/share/ament_cmake_core/cmake/index/ament_index_has_resource.cmake
[0.248s] -- Up-to-date: /opt/ros/humble/share/ament_cmake_core/cmake/index/ament_index_get_resources.cmake
[0.249s] -- Up-to-date: /opt/ros/humble/share/ament_cmake_core/cmake/index/ament_index_get_resource.cmake
[0.249s] -- Up-to-date: /opt/ros/humble/share/ament_cmake_core/cmake/index/ament_index_register_resource.cmake
[0.249s] -- Up-to-date: /opt/ros/humble/share/ament_cmake_core/cmake/index/ament_cmake_index_package_hook.cmake
[0.250s] Invoked command in '/workspace/ros2_ws/build/ament_cmake_core' returned '0': AMENT_PREFIX_PATH=/opt/ros/humble CMAKE_PREFIX_PATH=/opt/ros/humble LD_LIBRARY_PATH=/opt/ros/humble/lib PATH=/opt/ros/humble/bin:${PATH} PYTHONPATH=/opt/ros/humble/lib/python3.10/site-packages /usr/bin/cmake --install /workspace/ros2_ws/build/ament_cmake_core
