[0.014s] Invoking command in '/workspace/ros2_ws/build/ament_cmake_core': AMENT_PREFIX_PATH=/opt/ros/humble CMAKE_PREFIX_PATH=/opt/ros/humble LD_LIBRARY_PATH=/opt/ros/humble/lib PATH=/opt/ros/humble/bin:${PATH} PYTHONPATH=/opt/ros/humble/lib/python3.10/site-packages /usr/bin/cmake /workspace/ros2_ws/src/ament/ament_cmake/ament_cmake_core -DCMAKE_BUILD_TYPE=Release -DCMAKE_CXX_FLAGS=-I/usr/include/aarch64-linux-gnu -DCMAKE_C_FLAGS=-I/usr/include/aarch64-linux-gnu -DCMAKE_INSTALL_PREFIX=/opt/ros/humble
[0.133s] -- ament_cmake_core 1.3.14
[0.206s] -- Configuring done
[0.259s] -- Generating done
[0.268s] [33mCMake Warning:
[0.268s]   Manually-specified variables were not used by the project:
[0.270s] 
[0.270s]     CMAKE_CXX_FLAGS
[0.270s]     CMAKE_C_FLAGS
[0.271s] 
[0.272s] [0m
[0.278s] -- Build files have been written to: /workspace/ros2_ws/build/ament_cmake_core
[0.285s] Invoked command in '/workspace/ros2_ws/build/ament_cmake_core' returned '0': AMENT_PREFIX_PATH=/opt/ros/humble CMAKE_PREFIX_PATH=/opt/ros/humble LD_LIBRARY_PATH=/opt/ros/humble/lib PATH=/opt/ros/humble/bin:${PATH} PYTHONPATH=/opt/ros/humble/lib/python3.10/site-packages /usr/bin/cmake /workspace/ros2_ws/src/ament/ament_cmake/ament_cmake_core -DCMAKE_BUILD_TYPE=Release -DCMAKE_CXX_FLAGS=-I/usr/include/aarch64-linux-gnu -DCMAKE_C_FLAGS=-I/usr/include/aarch64-linux-gnu -DCMAKE_INSTALL_PREFIX=/opt/ros/humble
[0.286s] Invoking command in '/workspace/ros2_ws/build/ament_cmake_core': AMENT_PREFIX_PATH=/opt/ros/humble CMAKE_PREFIX_PATH=/opt/ros/humble LD_LIBRARY_PATH=/opt/ros/humble/lib PATH=/opt/ros/humble/bin:${PATH} PYTHONPATH=/opt/ros/humble/lib/python3.10/site-packages /usr/bin/cmake --build /workspace/ros2_ws/build/ament_cmake_core -- -j5 -l5
[0.327s] Invoked command in '/workspace/ros2_ws/build/ament_cmake_core' returned '0': AMENT_PREFIX_PATH=/opt/ros/humble CMAKE_PREFIX_PATH=/opt/ros/humble LD_LIBRARY_PATH=/opt/ros/humble/lib PATH=/opt/ros/humble/bin:${PATH} PYTHONPATH=/opt/ros/humble/lib/python3.10/site-packages /usr/bin/cmake --build /workspace/ros2_ws/build/ament_cmake_core -- -j5 -l5
[0.333s] Invoking command in '/workspace/ros2_ws/build/ament_cmake_core': AMENT_PREFIX_PATH=/opt/ros/humble CMAKE_PREFIX_PATH=/opt/ros/humble LD_LIBRARY_PATH=/opt/ros/humble/lib PATH=/opt/ros/humble/bin:${PATH} PYTHONPATH=/opt/ros/humble/lib/python3.10/site-packages /usr/bin/cmake --install /workspace/ros2_ws/build/ament_cmake_core
[0.340s] -- Install configuration: "Release"
[0.344s] -- Up-to-date: /opt/ros/humble/share/ament_index/resource_index/package_run_dependencies/ament_cmake_core
[0.344s] -- Up-to-date: /opt/ros/humble/share/ament_index/resource_index/parent_prefix_path/ament_cmake_core
[0.346s] -- Up-to-date: /opt/ros/humble/share/ament_cmake_core/environment/ament_prefix_path.sh
[0.348s] -- Installing: /opt/ros/humble/share/ament_cmake_core/environment/ament_prefix_path.dsv
[0.349s] -- Up-to-date: /opt/ros/humble/share/ament_cmake_core/environment/path.sh
[0.350s] -- Installing: /opt/ros/humble/share/ament_cmake_core/environment/path.dsv
[0.352s] -- Up-to-date: /opt/ros/humble/share/ament_cmake_core/local_setup.bash
[0.353s] -- Up-to-date: /opt/ros/humble/share/ament_cmake_core/local_setup.sh
[0.355s] -- Up-to-date: /opt/ros/humble/share/ament_cmake_core/local_setup.zsh
[0.357s] -- Installing: /opt/ros/humble/share/ament_cmake_core/local_setup.dsv
[0.358s] -- Installing: /opt/ros/humble/share/ament_cmake_core/package.dsv
[0.362s] -- Up-to-date: /opt/ros/humble/share/ament_index/resource_index/packages/ament_cmake_core
[0.365s] -- Up-to-date: /opt/ros/humble/share/ament_cmake_core/cmake/ament_cmake_core-extras.cmake
[0.366s] -- Up-to-date: /opt/ros/humble/share/ament_cmake_core/cmake/ament_cmake_environment-extras.cmake
[0.368s] -- Up-to-date: /opt/ros/humble/share/ament_cmake_core/cmake/ament_cmake_environment_hooks-extras.cmake
[0.373s] -- Up-to-date: /opt/ros/humble/share/ament_cmake_core/cmake/ament_cmake_index-extras.cmake
[0.376s] -- Up-to-date: /opt/ros/humble/share/ament_cmake_core/cmake/ament_cmake_package_templates-extras.cmake
[0.377s] -- Up-to-date: /opt/ros/humble/share/ament_cmake_core/cmake/ament_cmake_uninstall_target-extras.cmake
[0.386s] -- Up-to-date: /opt/ros/humble/share/ament_cmake_core/cmake/ament_cmake_symlink_install-extras.cmake
[0.387s] -- Up-to-date: /opt/ros/humble/share/ament_cmake_core/cmake/ament_cmake_coreConfig.cmake
[0.388s] -- Up-to-date: /opt/ros/humble/share/ament_cmake_core/cmake/ament_cmake_coreConfig-version.cmake
[0.390s] -- Up-to-date: /opt/ros/humble/share/ament_cmake_core/package.xml
[0.392s] -- Up-to-date: /opt/ros/humble/share/ament_cmake_core/cmake
[0.392s] -- Up-to-date: /opt/ros/humble/share/ament_cmake_core/cmake/core
[0.393s] -- Up-to-date: /opt/ros/humble/share/ament_cmake_core/cmake/core/normalize_path.cmake
[0.393s] -- Up-to-date: /opt/ros/humble/share/ament_cmake_core/cmake/core/string_ends_with.cmake
[0.394s] -- Up-to-date: /opt/ros/humble/share/ament_cmake_core/cmake/core/all.cmake
[0.394s] -- Up-to-date: /opt/ros/humble/share/ament_cmake_core/cmake/core/ament_package.cmake
[0.395s] -- Up-to-date: /opt/ros/humble/share/ament_cmake_core/cmake/core/ament_execute_extensions.cmake
[0.395s] -- Up-to-date: /opt/ros/humble/share/ament_cmake_core/cmake/core/python.cmake
[0.395s] -- Up-to-date: /opt/ros/humble/share/ament_cmake_core/cmake/core/stamp.cmake
[0.396s] -- Up-to-date: /opt/ros/humble/share/ament_cmake_core/cmake/core/list_append_unique.cmake
[0.396s] -- Up-to-date: /opt/ros/humble/share/ament_cmake_core/cmake/core/assert_file_exists.cmake
[0.396s] -- Up-to-date: /opt/ros/humble/share/ament_cmake_core/cmake/core/ament_package_xml.cmake
[0.396s] -- Up-to-date: /opt/ros/humble/share/ament_cmake_core/cmake/core/templates
[0.397s] -- Up-to-date: /opt/ros/humble/share/ament_cmake_core/cmake/core/templates/nameConfig-version.cmake.in
[0.397s] -- Up-to-date: /opt/ros/humble/share/ament_cmake_core/cmake/core/templates/nameConfig.cmake.in
[0.397s] -- Up-to-date: /opt/ros/humble/share/ament_cmake_core/cmake/core/get_executable_path.cmake
[0.397s] -- Up-to-date: /opt/ros/humble/share/ament_cmake_core/cmake/core/package_xml_2_cmake.py
[0.398s] -- Up-to-date: /opt/ros/humble/share/ament_cmake_core/cmake/core/ament_register_extension.cmake
[0.398s] -- Up-to-date: /opt/ros/humble/share/ament_cmake_core/cmake/package_templates
[0.399s] -- Up-to-date: /opt/ros/humble/share/ament_cmake_core/cmake/package_templates/templates_2_cmake.py
[0.400s] -- Up-to-date: /opt/ros/humble/share/ament_cmake_core/cmake/uninstall_target
[0.401s] -- Up-to-date: /opt/ros/humble/share/ament_cmake_core/cmake/uninstall_target/ament_cmake_uninstall_target_append_uninstall_code.cmake
[0.402s] -- Up-to-date: /opt/ros/humble/share/ament_cmake_core/cmake/uninstall_target/ament_cmake_uninstall_target.cmake.in
[0.403s] -- Up-to-date: /opt/ros/humble/share/ament_cmake_core/cmake/symlink_install
[0.403s] -- Up-to-date: /opt/ros/humble/share/ament_cmake_core/cmake/symlink_install/ament_cmake_symlink_install_programs.cmake
[0.403s] -- Up-to-date: /opt/ros/humble/share/ament_cmake_core/cmake/symlink_install/ament_cmake_symlink_install_targets.cmake
[0.403s] -- Up-to-date: /opt/ros/humble/share/ament_cmake_core/cmake/symlink_install/ament_cmake_symlink_install_directory.cmake
[0.404s] -- Up-to-date: /opt/ros/humble/share/ament_cmake_core/cmake/symlink_install/ament_cmake_symlink_install_append_install_code.cmake
[0.404s] -- Up-to-date: /opt/ros/humble/share/ament_cmake_core/cmake/symlink_install/ament_cmake_symlink_install_uninstall_script.cmake.in
[0.404s] -- Up-to-date: /opt/ros/humble/share/ament_cmake_core/cmake/symlink_install/ament_cmake_symlink_install.cmake.in
[0.404s] -- Up-to-date: /opt/ros/humble/share/ament_cmake_core/cmake/symlink_install/install.cmake
[0.405s] -- Up-to-date: /opt/ros/humble/share/ament_cmake_core/cmake/symlink_install/ament_cmake_symlink_install_files.cmake
[0.405s] -- Up-to-date: /opt/ros/humble/share/ament_cmake_core/cmake/environment_hooks
[0.406s] -- Up-to-date: /opt/ros/humble/share/ament_cmake_core/cmake/environment_hooks/ament_generate_package_environment.cmake
[0.407s] -- Up-to-date: /opt/ros/humble/share/ament_cmake_core/cmake/environment_hooks/ament_environment_hooks.cmake
[0.407s] -- Up-to-date: /opt/ros/humble/share/ament_cmake_core/cmake/environment_hooks/ament_cmake_environment_hooks_package_hook.cmake
[0.407s] -- Up-to-date: /opt/ros/humble/share/ament_cmake_core/cmake/environment_hooks/environment
[0.407s] -- Up-to-date: /opt/ros/humble/share/ament_cmake_core/cmake/environment_hooks/environment/path.sh
[0.408s] -- Up-to-date: /opt/ros/humble/share/ament_cmake_core/cmake/environment_hooks/environment/ament_prefix_path.sh
[0.408s] -- Up-to-date: /opt/ros/humble/share/ament_cmake_core/cmake/environment_hooks/environment/path.bat
[0.409s] -- Up-to-date: /opt/ros/humble/share/ament_cmake_core/cmake/environment_hooks/environment/ament_prefix_path.bat
[0.409s] -- Up-to-date: /opt/ros/humble/share/ament_cmake_core/cmake/environment
[0.410s] -- Up-to-date: /opt/ros/humble/share/ament_cmake_core/cmake/environment/ament_generate_environment.cmake
[0.410s] -- Up-to-date: /opt/ros/humble/share/ament_cmake_core/cmake/environment/ament_cmake_environment_package_hook.cmake
[0.411s] -- Up-to-date: /opt/ros/humble/share/ament_cmake_core/cmake/index
[0.411s] -- Up-to-date: /opt/ros/humble/share/ament_cmake_core/cmake/index/ament_index_get_prefix_path.cmake
[0.412s] -- Up-to-date: /opt/ros/humble/share/ament_cmake_core/cmake/index/ament_index_register_package.cmake
[0.413s] -- Up-to-date: /opt/ros/humble/share/ament_cmake_core/cmake/index/ament_index_has_resource.cmake
[0.413s] -- Up-to-date: /opt/ros/humble/share/ament_cmake_core/cmake/index/ament_index_get_resources.cmake
[0.414s] -- Up-to-date: /opt/ros/humble/share/ament_cmake_core/cmake/index/ament_index_get_resource.cmake
[0.414s] -- Up-to-date: /opt/ros/humble/share/ament_cmake_core/cmake/index/ament_index_register_resource.cmake
[0.415s] -- Up-to-date: /opt/ros/humble/share/ament_cmake_core/cmake/index/ament_cmake_index_package_hook.cmake
[0.479s] Invoked command in '/workspace/ros2_ws/build/ament_cmake_core' returned '0': AMENT_PREFIX_PATH=/opt/ros/humble CMAKE_PREFIX_PATH=/opt/ros/humble LD_LIBRARY_PATH=/opt/ros/humble/lib PATH=/opt/ros/humble/bin:${PATH} PYTHONPATH=/opt/ros/humble/lib/python3.10/site-packages /usr/bin/cmake --install /workspace/ros2_ws/build/ament_cmake_core
