/opt/ros/humble/lib/python3.10/site-packages/osrf_pycommon/terminal_utils.py
/opt/ros/humble/lib/python3.10/site-packages/osrf_pycommon/__init__.py
/opt/ros/humble/lib/python3.10/site-packages/osrf_pycommon/terminal_color/__init__.py
/opt/ros/humble/lib/python3.10/site-packages/osrf_pycommon/terminal_color/ansi_re.py
/opt/ros/humble/lib/python3.10/site-packages/osrf_pycommon/terminal_color/impl.py
/opt/ros/humble/lib/python3.10/site-packages/osrf_pycommon/terminal_color/windows.py
/opt/ros/humble/lib/python3.10/site-packages/osrf_pycommon/process_utils/execute_process_nopty.py
/opt/ros/humble/lib/python3.10/site-packages/osrf_pycommon/process_utils/async_execute_process.py
/opt/ros/humble/lib/python3.10/site-packages/osrf_pycommon/process_utils/execute_process_pty.py
/opt/ros/humble/lib/python3.10/site-packages/osrf_pycommon/process_utils/__init__.py
/opt/ros/humble/lib/python3.10/site-packages/osrf_pycommon/process_utils/impl.py
/opt/ros/humble/lib/python3.10/site-packages/osrf_pycommon/process_utils/get_loop_impl.py
/opt/ros/humble/lib/python3.10/site-packages/osrf_pycommon/cli_utils/verb_pattern.py
/opt/ros/humble/lib/python3.10/site-packages/osrf_pycommon/cli_utils/__init__.py
/opt/ros/humble/lib/python3.10/site-packages/osrf_pycommon/cli_utils/common.py
/opt/ros/humble/lib/python3.10/site-packages/osrf_pycommon/process_utils/async_execute_process_asyncio/__init__.py
/opt/ros/humble/lib/python3.10/site-packages/osrf_pycommon/process_utils/async_execute_process_asyncio/impl.py
/opt/ros/humble/lib/python3.10/site-packages/osrf_pycommon/__pycache__/terminal_utils.cpython-310.pyc
/opt/ros/humble/lib/python3.10/site-packages/osrf_pycommon/__pycache__/__init__.cpython-310.pyc
/opt/ros/humble/lib/python3.10/site-packages/osrf_pycommon/terminal_color/__pycache__/__init__.cpython-310.pyc
/opt/ros/humble/lib/python3.10/site-packages/osrf_pycommon/terminal_color/__pycache__/ansi_re.cpython-310.pyc
/opt/ros/humble/lib/python3.10/site-packages/osrf_pycommon/terminal_color/__pycache__/impl.cpython-310.pyc
/opt/ros/humble/lib/python3.10/site-packages/osrf_pycommon/terminal_color/__pycache__/windows.cpython-310.pyc
/opt/ros/humble/lib/python3.10/site-packages/osrf_pycommon/process_utils/__pycache__/execute_process_nopty.cpython-310.pyc
/opt/ros/humble/lib/python3.10/site-packages/osrf_pycommon/process_utils/__pycache__/async_execute_process.cpython-310.pyc
/opt/ros/humble/lib/python3.10/site-packages/osrf_pycommon/process_utils/__pycache__/execute_process_pty.cpython-310.pyc
/opt/ros/humble/lib/python3.10/site-packages/osrf_pycommon/process_utils/__pycache__/__init__.cpython-310.pyc
/opt/ros/humble/lib/python3.10/site-packages/osrf_pycommon/process_utils/__pycache__/impl.cpython-310.pyc
/opt/ros/humble/lib/python3.10/site-packages/osrf_pycommon/process_utils/__pycache__/get_loop_impl.cpython-310.pyc
/opt/ros/humble/lib/python3.10/site-packages/osrf_pycommon/cli_utils/__pycache__/verb_pattern.cpython-310.pyc
/opt/ros/humble/lib/python3.10/site-packages/osrf_pycommon/cli_utils/__pycache__/__init__.cpython-310.pyc
/opt/ros/humble/lib/python3.10/site-packages/osrf_pycommon/cli_utils/__pycache__/common.cpython-310.pyc
/opt/ros/humble/lib/python3.10/site-packages/osrf_pycommon/process_utils/async_execute_process_asyncio/__pycache__/__init__.cpython-310.pyc
/opt/ros/humble/lib/python3.10/site-packages/osrf_pycommon/process_utils/async_execute_process_asyncio/__pycache__/impl.cpython-310.pyc
/opt/ros/humble/share/osrf_pycommon/package.xml
/opt/ros/humble/share/ament_index/resource_index/packages/osrf_pycommon
/opt/ros/humble/lib/python3.10/site-packages/osrf_pycommon-2.1.7-py3.10.egg-info/PKG-INFO
/opt/ros/humble/lib/python3.10/site-packages/osrf_pycommon-2.1.7-py3.10.egg-info/zip-safe
/opt/ros/humble/lib/python3.10/site-packages/osrf_pycommon-2.1.7-py3.10.egg-info/SOURCES.txt
/opt/ros/humble/lib/python3.10/site-packages/osrf_pycommon-2.1.7-py3.10.egg-info/requires.txt
/opt/ros/humble/lib/python3.10/site-packages/osrf_pycommon-2.1.7-py3.10.egg-info/top_level.txt
/opt/ros/humble/lib/python3.10/site-packages/osrf_pycommon-2.1.7-py3.10.egg-info/dependency_links.txt
