[0.637s] Invoking command in '/workspace/ros2_ws/src/ament/ament_lint/ament_pycodestyle': PYTHONPATH=/workspace/ros2_ws/build/ament_pycodestyle/prefix_override:/usr/local/lib/python3.10/dist-packages/colcon_core/task/python/colcon_distutils_commands:/opt/ros/humble/lib/python3.10/site-packages: /usr/bin/python3 -W ignore:setup.py install is deprecated -W ignore:easy_install command is deprecated setup.py egg_info --egg-base ../../../../build/ament_pycodestyle build --build-base /workspace/ros2_ws/build/ament_pycodestyle/build install --record /workspace/ros2_ws/build/ament_pycodestyle/install.log --single-version-externally-managed install_data
[0.701s] running egg_info
[0.702s] writing ../../../../build/ament_pycodestyle/ament_pycodestyle.egg-info/PKG-INFO
[0.702s] writing dependency_links to ../../../../build/ament_pycodestyle/ament_pycodestyle.egg-info/dependency_links.txt
[0.704s] writing entry points to ../../../../build/ament_pycodestyle/ament_pycodestyle.egg-info/entry_points.txt
[0.709s] writing requirements to ../../../../build/ament_pycodestyle/ament_pycodestyle.egg-info/requires.txt
[0.711s] writing top-level names to ../../../../build/ament_pycodestyle/ament_pycodestyle.egg-info/top_level.txt
[0.715s] reading manifest file '../../../../build/ament_pycodestyle/ament_pycodestyle.egg-info/SOURCES.txt'
[0.720s] writing manifest file '../../../../build/ament_pycodestyle/ament_pycodestyle.egg-info/SOURCES.txt'
[0.724s] running build
[0.726s] running build_py
[0.727s] running install
[0.728s] running install_lib
[0.729s] running install_data
[0.739s] running install_egg_info
[0.740s] removing '/opt/ros/humble/lib/python3.10/site-packages/ament_pycodestyle-0.12.15-py3.10.egg-info' (and everything under it)
[0.741s] Copying ../../../../build/ament_pycodestyle/ament_pycodestyle.egg-info to /opt/ros/humble/lib/python3.10/site-packages/ament_pycodestyle-0.12.15-py3.10.egg-info
[0.741s] running install_scripts
[0.754s] Installing ament_pycodestyle script to /opt/ros/humble/bin
[0.755s] writing list of installed files to '/workspace/ros2_ws/build/ament_pycodestyle/install.log'
[0.875s] Invoked command in '/workspace/ros2_ws/src/ament/ament_lint/ament_pycodestyle' returned '0': PYTHONPATH=/workspace/ros2_ws/build/ament_pycodestyle/prefix_override:/usr/local/lib/python3.10/dist-packages/colcon_core/task/python/colcon_distutils_commands:/opt/ros/humble/lib/python3.10/site-packages: /usr/bin/python3 -W ignore:setup.py install is deprecated -W ignore:easy_install command is deprecated setup.py egg_info --egg-base ../../../../build/ament_pycodestyle build --build-base /workspace/ros2_ws/build/ament_pycodestyle/build install --record /workspace/ros2_ws/build/ament_pycodestyle/install.log --single-version-externally-managed install_data
