[0.123s] Invoking command in '/workspace/ros2_ws/build/google_benchmark_vendor': /usr/bin/cmake --build /workspace/ros2_ws/build/google_benchmark_vendor -- -j5 -l5
[0.169s] [100%] Built target benchmark-1.5.3
[0.236s] Invoked command in '/workspace/ros2_ws/build/google_benchmark_vendor' returned '0': /usr/bin/cmake --build /workspace/ros2_ws/build/google_benchmark_vendor -- -j5 -l5
[0.266s] Invoking command in '/workspace/ros2_ws/build/google_benchmark_vendor': /usr/bin/cmake --install /workspace/ros2_ws/build/google_benchmark_vendor
[0.267s] -- Install configuration: "Release"
[0.267s] -- Up-to-date: /opt/ros/humble
[0.267s] -- Up-to-date: /opt/ros/humble/include
[0.267s] -- Up-to-date: /opt/ros/humble/include/benchmark
[0.268s] -- Up-to-date: /opt/ros/humble/include/benchmark/benchmark.h
[0.268s] -- Up-to-date: /opt/ros/humble/lib
[0.268s] -- Up-to-date: /opt/ros/humble/lib/libbenchmark_main.so.1
[0.269s] -- Up-to-date: /opt/ros/humble/lib/pkgconfig
[0.270s] -- Up-to-date: /opt/ros/humble/lib/pkgconfig/benchmark.pc
[0.270s] -- Up-to-date: /opt/ros/humble/lib/cmake
[0.271s] -- Up-to-date: /opt/ros/humble/lib/cmake/benchmark
[0.271s] -- Up-to-date: /opt/ros/humble/lib/cmake/benchmark/benchmarkConfig.cmake
[0.272s] -- Up-to-date: /opt/ros/humble/lib/cmake/benchmark/benchmarkTargets.cmake
[0.272s] -- Up-to-date: /opt/ros/humble/lib/cmake/benchmark/benchmarkTargets-release.cmake
[0.273s] -- Up-to-date: /opt/ros/humble/lib/cmake/benchmark/benchmarkConfigVersion.cmake
[0.274s] -- Up-to-date: /opt/ros/humble/lib/libbenchmark_main.so.1.5.3
[0.274s] -- Up-to-date: /opt/ros/humble/lib/libbenchmark.so.1
[0.275s] -- Up-to-date: /opt/ros/humble/lib/libbenchmark.so.1.5.3
[0.276s] -- Up-to-date: /opt/ros/humble/lib/libbenchmark.so
[0.276s] -- Up-to-date: /opt/ros/humble/lib/libbenchmark_main.so
[0.276s] -- Up-to-date: /opt/ros/humble/share/google_benchmark_vendor/package.xml
[0.308s] Invoked command in '/workspace/ros2_ws/build/google_benchmark_vendor' returned '0': /usr/bin/cmake --install /workspace/ros2_ws/build/google_benchmark_vendor
