[1.358s] Invoking command in '/workspace/ros2_ws/src/ament/ament_package': PYTHONPATH=/workspace/ros2_ws/build/ament_package/prefix_override:/usr/local/lib/python3.10/dist-packages/colcon_core/task/python/colcon_distutils_commands:/workspace/ros2_ws/install/lib/python3.10/site-packages: /usr/bin/python3 -W ignore:setup.py install is deprecated -W ignore:easy_install command is deprecated setup.py egg_info --egg-base ../../../build/ament_package build --build-base /workspace/ros2_ws/build/ament_package/build install --record /workspace/ros2_ws/build/ament_package/install.log --single-version-externally-managed install_data
[1.609s] running egg_info
[1.610s] writing ../../../build/ament_package/ament_package.egg-info/PKG-INFO
[1.615s] writing dependency_links to ../../../build/ament_package/ament_package.egg-info/dependency_links.txt
[1.617s] writing requirements to ../../../build/ament_package/ament_package.egg-info/requires.txt
[1.618s] writing top-level names to ../../../build/ament_package/ament_package.egg-info/top_level.txt
[1.635s] reading manifest file '../../../build/ament_package/ament_package.egg-info/SOURCES.txt'
[1.638s] adding license file 'LICENSE'
[1.639s] writing manifest file '../../../build/ament_package/ament_package.egg-info/SOURCES.txt'
[1.640s] running build
[1.641s] running build_py
[1.661s] running install
[1.661s] running install_lib
[1.666s] running install_data
[1.667s] running install_egg_info
[1.668s] removing '/workspace/ros2_ws/install/lib/python3.10/site-packages/ament_package-0.14.2-py3.10.egg-info' (and everything under it)
[1.669s] Copying ../../../build/ament_package/ament_package.egg-info to /workspace/ros2_ws/install/lib/python3.10/site-packages/ament_package-0.14.2-py3.10.egg-info
[1.685s] running install_scripts
[1.725s] writing list of installed files to '/workspace/ros2_ws/build/ament_package/install.log'
[1.813s] Invoked command in '/workspace/ros2_ws/src/ament/ament_package' returned '0': PYTHONPATH=/workspace/ros2_ws/build/ament_package/prefix_override:/usr/local/lib/python3.10/dist-packages/colcon_core/task/python/colcon_distutils_commands:/workspace/ros2_ws/install/lib/python3.10/site-packages: /usr/bin/python3 -W ignore:setup.py install is deprecated -W ignore:easy_install command is deprecated setup.py egg_info --egg-base ../../../build/ament_package build --build-base /workspace/ros2_ws/build/ament_package/build install --record /workspace/ros2_ws/build/ament_package/install.log --single-version-externally-managed install_data
