[0.017s] Invoking command in '/workspace/ros2_ws/build/gmock_vendor': CMAKE_PREFIX_PATH=/opt/ros/humble LD_LIBRARY_PATH=/opt/ros/humble/lib PATH=/opt/ros/humble/bin:${PATH} PKG_CONFIG_PATH=/opt/ros/humble/lib/aarch64-linux-gnu/pkgconfig:/opt/ros/humble/lib/pkgconfig PYTHONPATH=/opt/ros/humble/lib/python3.10/site-packages /usr/bin/cmake --build /workspace/ros2_ws/build/gmock_vendor -- -j5 -l5
[0.058s] Invoked command in '/workspace/ros2_ws/build/gmock_vendor' returned '0': CMAKE_PREFIX_PATH=/opt/ros/humble LD_LIBRARY_PATH=/opt/ros/humble/lib PATH=/opt/ros/humble/bin:${PATH} PKG_CONFIG_PATH=/opt/ros/humble/lib/aarch64-linux-gnu/pkgconfig:/opt/ros/humble/lib/pkgconfig PYTHONPATH=/opt/ros/humble/lib/python3.10/site-packages /usr/bin/cmake --build /workspace/ros2_ws/build/gmock_vendor -- -j5 -l5
[0.067s] Invoking command in '/workspace/ros2_ws/build/gmock_vendor': CMAKE_PREFIX_PATH=/opt/ros/humble LD_LIBRARY_PATH=/opt/ros/humble/lib PATH=/opt/ros/humble/bin:${PATH} PKG_CONFIG_PATH=/opt/ros/humble/lib/aarch64-linux-gnu/pkgconfig:/opt/ros/humble/lib/pkgconfig PYTHONPATH=/opt/ros/humble/lib/python3.10/site-packages /usr/bin/cmake --install /workspace/ros2_ws/build/gmock_vendor
[0.076s] -- Install configuration: "Release"
[0.078s] -- Up-to-date: /opt/ros/humble/share/gmock_vendor/cmake/gmock_vendorConfig.cmake
[0.078s] -- Up-to-date: /opt/ros/humble/share/gmock_vendor/package.xml
[0.079s] -- Up-to-date: /opt/ros/humble/src/gmock_vendor/CMakeLists.txt
[0.080s] -- Up-to-date: /opt/ros/humble/src/gmock_vendor/include/gmock
[0.081s] -- Up-to-date: /opt/ros/humble/src/gmock_vendor/include/gmock/gmock-generated-actions.h.pump
[0.082s] -- Up-to-date: /opt/ros/humble/src/gmock_vendor/include/gmock/gmock-generated-function-mockers.h.pump
[0.085s] -- Up-to-date: /opt/ros/humble/src/gmock_vendor/include/gmock/gmock-matchers.h
[0.085s] -- Up-to-date: /opt/ros/humble/src/gmock_vendor/include/gmock/gmock-more-actions.h
[0.085s] -- Up-to-date: /opt/ros/humble/src/gmock_vendor/include/gmock/gmock-generated-matchers.h.pump
[0.086s] -- Up-to-date: /opt/ros/humble/src/gmock_vendor/include/gmock/gmock-generated-actions.h
[0.088s] -- Up-to-date: /opt/ros/humble/src/gmock_vendor/include/gmock/gmock-generated-matchers.h
[0.089s] -- Up-to-date: /opt/ros/humble/src/gmock_vendor/include/gmock/internal
[0.090s] -- Up-to-date: /opt/ros/humble/src/gmock_vendor/include/gmock/internal/gmock-port.h
[0.091s] -- Up-to-date: /opt/ros/humble/src/gmock_vendor/include/gmock/internal/gmock-internal-utils.h
[0.091s] -- Up-to-date: /opt/ros/humble/src/gmock_vendor/include/gmock/internal/gmock-pp.h
[0.092s] -- Up-to-date: /opt/ros/humble/src/gmock_vendor/include/gmock/internal/custom
[0.092s] -- Up-to-date: /opt/ros/humble/src/gmock_vendor/include/gmock/internal/custom/gmock-generated-actions.h.pump
[0.093s] -- Up-to-date: /opt/ros/humble/src/gmock_vendor/include/gmock/internal/custom/gmock-port.h
[0.094s] -- Up-to-date: /opt/ros/humble/src/gmock_vendor/include/gmock/internal/custom/gmock-matchers.h
[0.094s] -- Up-to-date: /opt/ros/humble/src/gmock_vendor/include/gmock/internal/custom/gmock-generated-actions.h
[0.095s] -- Up-to-date: /opt/ros/humble/src/gmock_vendor/include/gmock/internal/custom/README.md
[0.095s] -- Up-to-date: /opt/ros/humble/src/gmock_vendor/include/gmock/gmock-function-mocker.h
[0.095s] -- Up-to-date: /opt/ros/humble/src/gmock_vendor/include/gmock/gmock-more-matchers.h
[0.096s] -- Up-to-date: /opt/ros/humble/src/gmock_vendor/include/gmock/gmock-generated-function-mockers.h
[0.097s] -- Up-to-date: /opt/ros/humble/src/gmock_vendor/include/gmock/gmock-cardinalities.h
[0.097s] -- Up-to-date: /opt/ros/humble/src/gmock_vendor/include/gmock/gmock-spec-builders.h
[0.098s] -- Up-to-date: /opt/ros/humble/src/gmock_vendor/include/gmock/gmock-nice-strict.h
[0.099s] -- Up-to-date: /opt/ros/humble/src/gmock_vendor/include/gmock/gmock.h
[0.099s] -- Up-to-date: /opt/ros/humble/src/gmock_vendor/include/gmock/gmock-actions.h
[0.099s] -- Up-to-date: /opt/ros/humble/src/gmock_vendor/src
[0.100s] -- Up-to-date: /opt/ros/humble/src/gmock_vendor/src/gmock-internal-utils.cc
[0.107s] -- Up-to-date: /opt/ros/humble/src/gmock_vendor/src/gmock-cardinalities.cc
[0.107s] -- Up-to-date: /opt/ros/humble/src/gmock_vendor/src/gmock_main.cc
[0.107s] -- Up-to-date: /opt/ros/humble/src/gmock_vendor/src/gmock-matchers.cc
[0.108s] -- Up-to-date: /opt/ros/humble/src/gmock_vendor/src/gmock-all.cc
[0.109s] -- Up-to-date: /opt/ros/humble/src/gmock_vendor/src/gmock-spec-builders.cc
[0.110s] -- Up-to-date: /opt/ros/humble/src/gmock_vendor/src/gmock.cc
[0.110s] Invoked command in '/workspace/ros2_ws/build/gmock_vendor' returned '0': CMAKE_PREFIX_PATH=/opt/ros/humble LD_LIBRARY_PATH=/opt/ros/humble/lib PATH=/opt/ros/humble/bin:${PATH} PKG_CONFIG_PATH=/opt/ros/humble/lib/aarch64-linux-gnu/pkgconfig:/opt/ros/humble/lib/pkgconfig PYTHONPATH=/opt/ros/humble/lib/python3.10/site-packages /usr/bin/cmake --install /workspace/ros2_ws/build/gmock_vendor
