[0.008s] Invoking command in '/workspace/ros2_ws/build/gmock_vendor': CMAKE_PREFIX_PATH=/opt/ros/humble LD_LIBRARY_PATH=/opt/ros/humble/lib PATH=/opt/ros/humble/bin:${PATH} PKG_CONFIG_PATH=/opt/ros/humble/lib/aarch64-linux-gnu/pkgconfig:/opt/ros/humble/lib/pkgconfig PYTHONPATH=/opt/ros/humble/lib/python3.10/site-packages /usr/bin/cmake --build /workspace/ros2_ws/build/gmock_vendor -- -j5 -l5
[0.061s] Invoked command in '/workspace/ros2_ws/build/gmock_vendor' returned '0': CMAKE_PREFIX_PATH=/opt/ros/humble LD_LIBRARY_PATH=/opt/ros/humble/lib PATH=/opt/ros/humble/bin:${PATH} PKG_CONFIG_PATH=/opt/ros/humble/lib/aarch64-linux-gnu/pkgconfig:/opt/ros/humble/lib/pkgconfig PYTHONPATH=/opt/ros/humble/lib/python3.10/site-packages /usr/bin/cmake --build /workspace/ros2_ws/build/gmock_vendor -- -j5 -l5
[0.094s] Invoking command in '/workspace/ros2_ws/build/gmock_vendor': CMAKE_PREFIX_PATH=/opt/ros/humble LD_LIBRARY_PATH=/opt/ros/humble/lib PATH=/opt/ros/humble/bin:${PATH} PKG_CONFIG_PATH=/opt/ros/humble/lib/aarch64-linux-gnu/pkgconfig:/opt/ros/humble/lib/pkgconfig PYTHONPATH=/opt/ros/humble/lib/python3.10/site-packages /usr/bin/cmake --install /workspace/ros2_ws/build/gmock_vendor
[0.112s] -- Install configuration: "Release"
[0.116s] -- Up-to-date: /opt/ros/humble/share/gmock_vendor/cmake/gmock_vendorConfig.cmake
[0.117s] -- Up-to-date: /opt/ros/humble/share/gmock_vendor/package.xml
[0.133s] -- Up-to-date: /opt/ros/humble/src/gmock_vendor/CMakeLists.txt
[0.136s] -- Up-to-date: /opt/ros/humble/src/gmock_vendor/include/gmock
[0.150s] -- Up-to-date: /opt/ros/humble/src/gmock_vendor/include/gmock/gmock-generated-actions.h.pump
[0.154s] -- Up-to-date: /opt/ros/humble/src/gmock_vendor/include/gmock/gmock-generated-function-mockers.h.pump
[0.155s] -- Up-to-date: /opt/ros/humble/src/gmock_vendor/include/gmock/gmock-matchers.h
[0.156s] -- Up-to-date: /opt/ros/humble/src/gmock_vendor/include/gmock/gmock-more-actions.h
[0.157s] -- Up-to-date: /opt/ros/humble/src/gmock_vendor/include/gmock/gmock-generated-matchers.h.pump
[0.160s] -- Up-to-date: /opt/ros/humble/src/gmock_vendor/include/gmock/gmock-generated-actions.h
[0.161s] -- Up-to-date: /opt/ros/humble/src/gmock_vendor/include/gmock/gmock-generated-matchers.h
[0.162s] -- Up-to-date: /opt/ros/humble/src/gmock_vendor/include/gmock/internal
[0.172s] -- Up-to-date: /opt/ros/humble/src/gmock_vendor/include/gmock/internal/gmock-port.h
[0.181s] -- Up-to-date: /opt/ros/humble/src/gmock_vendor/include/gmock/internal/gmock-internal-utils.h
[0.182s] -- Up-to-date: /opt/ros/humble/src/gmock_vendor/include/gmock/internal/gmock-pp.h
[0.183s] -- Up-to-date: /opt/ros/humble/src/gmock_vendor/include/gmock/internal/custom
[0.184s] -- Up-to-date: /opt/ros/humble/src/gmock_vendor/include/gmock/internal/custom/gmock-generated-actions.h.pump
[0.185s] -- Up-to-date: /opt/ros/humble/src/gmock_vendor/include/gmock/internal/custom/gmock-port.h
[0.188s] -- Up-to-date: /opt/ros/humble/src/gmock_vendor/include/gmock/internal/custom/gmock-matchers.h
[0.188s] -- Up-to-date: /opt/ros/humble/src/gmock_vendor/include/gmock/internal/custom/gmock-generated-actions.h
[0.189s] -- Up-to-date: /opt/ros/humble/src/gmock_vendor/include/gmock/internal/custom/README.md
[0.195s] -- Up-to-date: /opt/ros/humble/src/gmock_vendor/include/gmock/gmock-function-mocker.h
[0.195s] -- Up-to-date: /opt/ros/humble/src/gmock_vendor/include/gmock/gmock-more-matchers.h
[0.195s] -- Up-to-date: /opt/ros/humble/src/gmock_vendor/include/gmock/gmock-generated-function-mockers.h
[0.196s] -- Up-to-date: /opt/ros/humble/src/gmock_vendor/include/gmock/gmock-cardinalities.h
[0.197s] -- Up-to-date: /opt/ros/humble/src/gmock_vendor/include/gmock/gmock-spec-builders.h
[0.197s] -- Up-to-date: /opt/ros/humble/src/gmock_vendor/include/gmock/gmock-nice-strict.h
[0.198s] -- Up-to-date: /opt/ros/humble/src/gmock_vendor/include/gmock/gmock.h
[0.199s] -- Up-to-date: /opt/ros/humble/src/gmock_vendor/include/gmock/gmock-actions.h
[0.199s] -- Up-to-date: /opt/ros/humble/src/gmock_vendor/src
[0.200s] -- Up-to-date: /opt/ros/humble/src/gmock_vendor/src/gmock-internal-utils.cc
[0.200s] -- Up-to-date: /opt/ros/humble/src/gmock_vendor/src/gmock-cardinalities.cc
[0.201s] -- Up-to-date: /opt/ros/humble/src/gmock_vendor/src/gmock_main.cc
[0.201s] -- Up-to-date: /opt/ros/humble/src/gmock_vendor/src/gmock-matchers.cc
[0.202s] -- Up-to-date: /opt/ros/humble/src/gmock_vendor/src/gmock-all.cc
[0.202s] -- Up-to-date: /opt/ros/humble/src/gmock_vendor/src/gmock-spec-builders.cc
[0.203s] -- Up-to-date: /opt/ros/humble/src/gmock_vendor/src/gmock.cc
[0.207s] Invoked command in '/workspace/ros2_ws/build/gmock_vendor' returned '0': CMAKE_PREFIX_PATH=/opt/ros/humble LD_LIBRARY_PATH=/opt/ros/humble/lib PATH=/opt/ros/humble/bin:${PATH} PKG_CONFIG_PATH=/opt/ros/humble/lib/aarch64-linux-gnu/pkgconfig:/opt/ros/humble/lib/pkgconfig PYTHONPATH=/opt/ros/humble/lib/python3.10/site-packages /usr/bin/cmake --install /workspace/ros2_ws/build/gmock_vendor
