[1.289s] Invoking command in '/workspace/ros2_ws/src/ament/ament_lint/ament_lint': PYTHONPATH=/workspace/ros2_ws/build/ament_lint/prefix_override:/usr/local/lib/python3.10/dist-packages/colcon_core/task/python/colcon_distutils_commands:/workspace/ros2_ws/install/lib/python3.10/site-packages: /usr/bin/python3 -W ignore:setup.py install is deprecated -W ignore:easy_install command is deprecated setup.py egg_info --egg-base ../../../../build/ament_lint build --build-base /workspace/ros2_ws/build/ament_lint/build install --record /workspace/ros2_ws/build/ament_lint/install.log --single-version-externally-managed install_data
[1.599s] running egg_info
[1.599s] writing ../../../../build/ament_lint/ament_lint.egg-info/PKG-INFO
[1.601s] writing dependency_links to ../../../../build/ament_lint/ament_lint.egg-info/dependency_links.txt
[1.603s] writing entry points to ../../../../build/ament_lint/ament_lint.egg-info/entry_points.txt
[1.607s] writing requirements to ../../../../build/ament_lint/ament_lint.egg-info/requires.txt
[1.608s] writing top-level names to ../../../../build/ament_lint/ament_lint.egg-info/top_level.txt
[1.619s] reading manifest file '../../../../build/ament_lint/ament_lint.egg-info/SOURCES.txt'
[1.621s] writing manifest file '../../../../build/ament_lint/ament_lint.egg-info/SOURCES.txt'
[1.622s] running build
[1.623s] running build_py
[1.625s] running install
[1.625s] running install_lib
[1.626s] running install_data
[1.628s] running install_egg_info
[1.629s] removing '/workspace/ros2_ws/install/lib/python3.10/site-packages/ament_lint-0.12.15-py3.10.egg-info' (and everything under it)
[1.631s] Copying ../../../../build/ament_lint/ament_lint.egg-info to /workspace/ros2_ws/install/lib/python3.10/site-packages/ament_lint-0.12.15-py3.10.egg-info
[1.648s] running install_scripts
[1.693s] writing list of installed files to '/workspace/ros2_ws/build/ament_lint/install.log'
[1.718s] Invoked command in '/workspace/ros2_ws/src/ament/ament_lint/ament_lint' returned '0': PYTHONPATH=/workspace/ros2_ws/build/ament_lint/prefix_override:/usr/local/lib/python3.10/dist-packages/colcon_core/task/python/colcon_distutils_commands:/workspace/ros2_ws/install/lib/python3.10/site-packages: /usr/bin/python3 -W ignore:setup.py install is deprecated -W ignore:easy_install command is deprecated setup.py egg_info --egg-base ../../../../build/ament_lint build --build-base /workspace/ros2_ws/build/ament_lint/build install --record /workspace/ros2_ws/build/ament_lint/install.log --single-version-externally-managed install_data
