[0.706s] Invoking command in '/workspace/ros2_ws/src/ament/ament_package': PYTHONPATH=/workspace/ros2_ws/build/ament_package/prefix_override:/usr/local/lib/python3.10/dist-packages/colcon_core/task/python/colcon_distutils_commands:/opt/ros/humble/lib/python3.10/site-packages: /usr/bin/python3 -W ignore:setup.py install is deprecated -W ignore:easy_install command is deprecated setup.py egg_info --egg-base ../../../build/ament_package build --build-base /workspace/ros2_ws/build/ament_package/build install --record /workspace/ros2_ws/build/ament_package/install.log --single-version-externally-managed install_data
[0.778s] running egg_info
[0.778s] writing ../../../build/ament_package/ament_package.egg-info/PKG-INFO
[0.779s] writing dependency_links to ../../../build/ament_package/ament_package.egg-info/dependency_links.txt
[0.780s] writing requirements to ../../../build/ament_package/ament_package.egg-info/requires.txt
[0.781s] writing top-level names to ../../../build/ament_package/ament_package.egg-info/top_level.txt
[0.785s] reading manifest file '../../../build/ament_package/ament_package.egg-info/SOURCES.txt'
[0.786s] adding license file 'LICENSE'
[0.793s] writing manifest file '../../../build/ament_package/ament_package.egg-info/SOURCES.txt'
[0.794s] running build
[0.795s] running build_py
[0.801s] running install
[0.802s] running install_lib
[0.802s] running install_data
[0.803s] running install_egg_info
[0.804s] removing '/opt/ros/humble/lib/python3.10/site-packages/ament_package-0.14.2-py3.10.egg-info' (and everything under it)
[0.804s] Copying ../../../build/ament_package/ament_package.egg-info to /opt/ros/humble/lib/python3.10/site-packages/ament_package-0.14.2-py3.10.egg-info
[0.807s] running install_scripts
[0.820s] writing list of installed files to '/workspace/ros2_ws/build/ament_package/install.log'
[0.906s] Invoked command in '/workspace/ros2_ws/src/ament/ament_package' returned '0': PYTHONPATH=/workspace/ros2_ws/build/ament_package/prefix_override:/usr/local/lib/python3.10/dist-packages/colcon_core/task/python/colcon_distutils_commands:/opt/ros/humble/lib/python3.10/site-packages: /usr/bin/python3 -W ignore:setup.py install is deprecated -W ignore:easy_install command is deprecated setup.py egg_info --egg-base ../../../build/ament_package build --build-base /workspace/ros2_ws/build/ament_package/build install --record /workspace/ros2_ws/build/ament_package/install.log --single-version-externally-managed install_data
