[0.667s] Invoking command in '/workspace/ros2_ws/src/ament/ament_lint/ament_pycodestyle': PYTHONPATH=/workspace/ros2_ws/build/ament_pycodestyle/prefix_override:/usr/local/lib/python3.10/dist-packages/colcon_core/task/python/colcon_distutils_commands:/opt/ros/humble/lib/python3.10/site-packages: /usr/bin/python3 -W ignore:setup.py install is deprecated -W ignore:easy_install command is deprecated setup.py egg_info --egg-base ../../../../build/ament_pycodestyle build --build-base /workspace/ros2_ws/build/ament_pycodestyle/build install --record /workspace/ros2_ws/build/ament_pycodestyle/install.log --single-version-externally-managed install_data
[0.750s] running egg_info
[0.752s] writing ../../../../build/ament_pycodestyle/ament_pycodestyle.egg-info/PKG-INFO
[0.753s] writing dependency_links to ../../../../build/ament_pycodestyle/ament_pycodestyle.egg-info/dependency_links.txt
[0.753s] writing entry points to ../../../../build/ament_pycodestyle/ament_pycodestyle.egg-info/entry_points.txt
[0.760s] writing requirements to ../../../../build/ament_pycodestyle/ament_pycodestyle.egg-info/requires.txt
[0.764s] writing top-level names to ../../../../build/ament_pycodestyle/ament_pycodestyle.egg-info/top_level.txt
[0.768s] reading manifest file '../../../../build/ament_pycodestyle/ament_pycodestyle.egg-info/SOURCES.txt'
[0.773s] writing manifest file '../../../../build/ament_pycodestyle/ament_pycodestyle.egg-info/SOURCES.txt'
[0.774s] running build
[0.774s] running build_py
[0.775s] running install
[0.776s] running install_lib
[0.781s] creating /opt/ros/humble/lib/python3.10/site-packages/ament_pycodestyle
[0.782s] creating /opt/ros/humble/lib/python3.10/site-packages/ament_pycodestyle/configuration
[0.783s] copying /workspace/ros2_ws/build/ament_pycodestyle/build/lib/ament_pycodestyle/configuration/ament_pycodestyle.ini -> /opt/ros/humble/lib/python3.10/site-packages/ament_pycodestyle/configuration
[0.785s] copying /workspace/ros2_ws/build/ament_pycodestyle/build/lib/ament_pycodestyle/__init__.py -> /opt/ros/humble/lib/python3.10/site-packages/ament_pycodestyle
[0.786s] copying /workspace/ros2_ws/build/ament_pycodestyle/build/lib/ament_pycodestyle/main.py -> /opt/ros/humble/lib/python3.10/site-packages/ament_pycodestyle
[0.789s] byte-compiling /opt/ros/humble/lib/python3.10/site-packages/ament_pycodestyle/__init__.py to __init__.cpython-310.pyc
[0.790s] byte-compiling /opt/ros/humble/lib/python3.10/site-packages/ament_pycodestyle/main.py to main.cpython-310.pyc
[0.790s] running install_data
[0.791s] copying package.xml -> /opt/ros/humble/share/ament_pycodestyle
[0.792s] copying resource/ament_pycodestyle -> /opt/ros/humble/share/ament_index/resource_index/packages
[0.804s] running install_egg_info
[0.807s] Copying ../../../../build/ament_pycodestyle/ament_pycodestyle.egg-info to /opt/ros/humble/lib/python3.10/site-packages/ament_pycodestyle-0.12.15-py3.10.egg-info
[0.811s] running install_scripts
[0.832s] Installing ament_pycodestyle script to /opt/ros/humble/bin
[0.834s] writing list of installed files to '/workspace/ros2_ws/build/ament_pycodestyle/install.log'
[0.884s] Invoked command in '/workspace/ros2_ws/src/ament/ament_lint/ament_pycodestyle' returned '0': PYTHONPATH=/workspace/ros2_ws/build/ament_pycodestyle/prefix_override:/usr/local/lib/python3.10/dist-packages/colcon_core/task/python/colcon_distutils_commands:/opt/ros/humble/lib/python3.10/site-packages: /usr/bin/python3 -W ignore:setup.py install is deprecated -W ignore:easy_install command is deprecated setup.py egg_info --egg-base ../../../../build/ament_pycodestyle build --build-base /workspace/ros2_ws/build/ament_pycodestyle/build install --record /workspace/ros2_ws/build/ament_pycodestyle/install.log --single-version-externally-managed install_data
