[1.448s] Invoking command in '/workspace/ros2_ws/src/ament/ament_lint/ament_pycodestyle': PYTHONPATH=/workspace/ros2_ws/build/ament_pycodestyle/prefix_override:/usr/local/lib/python3.10/dist-packages/colcon_core/task/python/colcon_distutils_commands:/workspace/ros2_ws/install/lib/python3.10/site-packages: /usr/bin/python3 -W ignore:setup.py install is deprecated -W ignore:easy_install command is deprecated setup.py egg_info --egg-base ../../../../build/ament_pycodestyle build --build-base /workspace/ros2_ws/build/ament_pycodestyle/build install --record /workspace/ros2_ws/build/ament_pycodestyle/install.log --single-version-externally-managed install_data
[1.713s] running egg_info
[1.715s] writing ../../../../build/ament_pycodestyle/ament_pycodestyle.egg-info/PKG-INFO
[1.718s] writing dependency_links to ../../../../build/ament_pycodestyle/ament_pycodestyle.egg-info/dependency_links.txt
[1.719s] writing entry points to ../../../../build/ament_pycodestyle/ament_pycodestyle.egg-info/entry_points.txt
[1.720s] writing requirements to ../../../../build/ament_pycodestyle/ament_pycodestyle.egg-info/requires.txt
[1.720s] writing top-level names to ../../../../build/ament_pycodestyle/ament_pycodestyle.egg-info/top_level.txt
[1.723s] reading manifest file '../../../../build/ament_pycodestyle/ament_pycodestyle.egg-info/SOURCES.txt'
[1.727s] writing manifest file '../../../../build/ament_pycodestyle/ament_pycodestyle.egg-info/SOURCES.txt'
[1.729s] running build
[1.729s] running build_py
[1.731s] running install
[1.732s] running install_lib
[1.738s] running install_data
[1.739s] running install_egg_info
[1.741s] removing '/workspace/ros2_ws/install/lib/python3.10/site-packages/ament_pycodestyle-0.12.15-py3.10.egg-info' (and everything under it)
[1.745s] Copying ../../../../build/ament_pycodestyle/ament_pycodestyle.egg-info to /workspace/ros2_ws/install/lib/python3.10/site-packages/ament_pycodestyle-0.12.15-py3.10.egg-info
[1.752s] running install_scripts
[1.783s] Installing ament_pycodestyle script to /workspace/ros2_ws/install/bin
[1.784s] writing list of installed files to '/workspace/ros2_ws/build/ament_pycodestyle/install.log'
[1.876s] Invoked command in '/workspace/ros2_ws/src/ament/ament_lint/ament_pycodestyle' returned '0': PYTHONPATH=/workspace/ros2_ws/build/ament_pycodestyle/prefix_override:/usr/local/lib/python3.10/dist-packages/colcon_core/task/python/colcon_distutils_commands:/workspace/ros2_ws/install/lib/python3.10/site-packages: /usr/bin/python3 -W ignore:setup.py install is deprecated -W ignore:easy_install command is deprecated setup.py egg_info --egg-base ../../../../build/ament_pycodestyle build --build-base /workspace/ros2_ws/build/ament_pycodestyle/build install --record /workspace/ros2_ws/build/ament_pycodestyle/install.log --single-version-externally-managed install_data
