[0.585s] Invoking command in '/workspace/ros2_ws/src/ament/ament_package': PYTHONPATH=/workspace/ros2_ws/build/ament_package/prefix_override:/usr/local/lib/python3.10/dist-packages/colcon_core/task/python/colcon_distutils_commands:/opt/ros/humble/lib/python3.10/site-packages: /usr/bin/python3 -W ignore:setup.py install is deprecated -W ignore:easy_install command is deprecated setup.py egg_info --egg-base ../../../build/ament_package build --build-base /workspace/ros2_ws/build/ament_package/build install --record /workspace/ros2_ws/build/ament_package/install.log --single-version-externally-managed install_data
[0.664s] running egg_info
[0.667s] writing ../../../build/ament_package/ament_package.egg-info/PKG-INFO
[0.669s] writing dependency_links to ../../../build/ament_package/ament_package.egg-info/dependency_links.txt
[0.670s] writing requirements to ../../../build/ament_package/ament_package.egg-info/requires.txt
[0.671s] writing top-level names to ../../../build/ament_package/ament_package.egg-info/top_level.txt
[0.674s] reading manifest file '../../../build/ament_package/ament_package.egg-info/SOURCES.txt'
[0.677s] adding license file 'LICENSE'
[0.677s] writing manifest file '../../../build/ament_package/ament_package.egg-info/SOURCES.txt'
[0.678s] running build
[0.678s] running build_py
[0.694s] running install
[0.694s] running install_lib
[0.699s] running install_data
[0.700s] running install_egg_info
[0.700s] removing '/opt/ros/humble/lib/python3.10/site-packages/ament_package-0.14.2-py3.10.egg-info' (and everything under it)
[0.701s] Copying ../../../build/ament_package/ament_package.egg-info to /opt/ros/humble/lib/python3.10/site-packages/ament_package-0.14.2-py3.10.egg-info
[0.709s] running install_scripts
[0.722s] writing list of installed files to '/workspace/ros2_ws/build/ament_package/install.log'
[0.753s] Invoked command in '/workspace/ros2_ws/src/ament/ament_package' returned '0': PYTHONPATH=/workspace/ros2_ws/build/ament_package/prefix_override:/usr/local/lib/python3.10/dist-packages/colcon_core/task/python/colcon_distutils_commands:/opt/ros/humble/lib/python3.10/site-packages: /usr/bin/python3 -W ignore:setup.py install is deprecated -W ignore:easy_install command is deprecated setup.py egg_info --egg-base ../../../build/ament_package build --build-base /workspace/ros2_ws/build/ament_package/build install --record /workspace/ros2_ws/build/ament_package/install.log --single-version-externally-managed install_data
