[0.014s] Invoking command in '/workspace/ros2_ws/build/gmock_vendor': CMAKE_PREFIX_PATH=/opt/ros/humble LD_LIBRARY_PATH=/opt/ros/humble/lib PATH=/opt/ros/humble/bin:${PATH} PKG_CONFIG_PATH=/opt/ros/humble/lib/aarch64-linux-gnu/pkgconfig:/opt/ros/humble/lib/pkgconfig PYTHONPATH=/opt/ros/humble/lib/python3.10/site-packages /usr/bin/cmake /workspace/ros2_ws/src/ament/googletest/googlemock -DCMAKE_BUILD_TYPE=Release -DCMAKE_CXX_FLAGS=-I/usr/include/aarch64-linux-gnu -DCMAKE_C_FLAGS=-I/usr/include/aarch64-linux-gnu -DCMAKE_INSTALL_PREFIX=/opt/ros/humble
[0.017s] -- Configuring done
[0.029s] -- Generating done
[0.036s] [33mCMake Warning:
[0.036s]   Manually-specified variables were not used by the project:
[0.037s] 
[0.037s]     CMAKE_CXX_FLAGS
[0.038s]     CMAKE_C_FLAGS
[0.038s] 
[0.039s] [0m
[0.043s] -- Build files have been written to: /workspace/ros2_ws/build/gmock_vendor
[0.046s] Invoked command in '/workspace/ros2_ws/build/gmock_vendor' returned '0': CMAKE_PREFIX_PATH=/opt/ros/humble LD_LIBRARY_PATH=/opt/ros/humble/lib PATH=/opt/ros/humble/bin:${PATH} PKG_CONFIG_PATH=/opt/ros/humble/lib/aarch64-linux-gnu/pkgconfig:/opt/ros/humble/lib/pkgconfig PYTHONPATH=/opt/ros/humble/lib/python3.10/site-packages /usr/bin/cmake /workspace/ros2_ws/src/ament/googletest/googlemock -DCMAKE_BUILD_TYPE=Release -DCMAKE_CXX_FLAGS=-I/usr/include/aarch64-linux-gnu -DCMAKE_C_FLAGS=-I/usr/include/aarch64-linux-gnu -DCMAKE_INSTALL_PREFIX=/opt/ros/humble
[0.050s] Invoking command in '/workspace/ros2_ws/build/gmock_vendor': CMAKE_PREFIX_PATH=/opt/ros/humble LD_LIBRARY_PATH=/opt/ros/humble/lib PATH=/opt/ros/humble/bin:${PATH} PKG_CONFIG_PATH=/opt/ros/humble/lib/aarch64-linux-gnu/pkgconfig:/opt/ros/humble/lib/pkgconfig PYTHONPATH=/opt/ros/humble/lib/python3.10/site-packages /usr/bin/cmake --build /workspace/ros2_ws/build/gmock_vendor -- -j5 -l5
[0.095s] Invoked command in '/workspace/ros2_ws/build/gmock_vendor' returned '0': CMAKE_PREFIX_PATH=/opt/ros/humble LD_LIBRARY_PATH=/opt/ros/humble/lib PATH=/opt/ros/humble/bin:${PATH} PKG_CONFIG_PATH=/opt/ros/humble/lib/aarch64-linux-gnu/pkgconfig:/opt/ros/humble/lib/pkgconfig PYTHONPATH=/opt/ros/humble/lib/python3.10/site-packages /usr/bin/cmake --build /workspace/ros2_ws/build/gmock_vendor -- -j5 -l5
[0.096s] Invoking command in '/workspace/ros2_ws/build/gmock_vendor': CMAKE_PREFIX_PATH=/opt/ros/humble LD_LIBRARY_PATH=/opt/ros/humble/lib PATH=/opt/ros/humble/bin:${PATH} PKG_CONFIG_PATH=/opt/ros/humble/lib/aarch64-linux-gnu/pkgconfig:/opt/ros/humble/lib/pkgconfig PYTHONPATH=/opt/ros/humble/lib/python3.10/site-packages /usr/bin/cmake --install /workspace/ros2_ws/build/gmock_vendor
[0.097s] -- Install configuration: "Release"
[0.098s] -- Up-to-date: /opt/ros/humble/share/gmock_vendor/cmake/gmock_vendorConfig.cmake
[0.099s] -- Up-to-date: /opt/ros/humble/share/gmock_vendor/package.xml
[0.102s] -- Up-to-date: /opt/ros/humble/src/gmock_vendor/CMakeLists.txt
[0.103s] -- Up-to-date: /opt/ros/humble/src/gmock_vendor/include/gmock
[0.104s] -- Up-to-date: /opt/ros/humble/src/gmock_vendor/include/gmock/gmock-generated-actions.h.pump
[0.106s] -- Up-to-date: /opt/ros/humble/src/gmock_vendor/include/gmock/gmock-generated-function-mockers.h.pump
[0.109s] -- Up-to-date: /opt/ros/humble/src/gmock_vendor/include/gmock/gmock-matchers.h
[0.110s] -- Up-to-date: /opt/ros/humble/src/gmock_vendor/include/gmock/gmock-more-actions.h
[0.110s] -- Up-to-date: /opt/ros/humble/src/gmock_vendor/include/gmock/gmock-generated-matchers.h.pump
[0.111s] -- Up-to-date: /opt/ros/humble/src/gmock_vendor/include/gmock/gmock-generated-actions.h
[0.111s] -- Up-to-date: /opt/ros/humble/src/gmock_vendor/include/gmock/gmock-generated-matchers.h
[0.112s] -- Up-to-date: /opt/ros/humble/src/gmock_vendor/include/gmock/internal
[0.115s] -- Up-to-date: /opt/ros/humble/src/gmock_vendor/include/gmock/internal/gmock-port.h
[0.116s] -- Up-to-date: /opt/ros/humble/src/gmock_vendor/include/gmock/internal/gmock-internal-utils.h
[0.116s] -- Up-to-date: /opt/ros/humble/src/gmock_vendor/include/gmock/internal/gmock-pp.h
[0.117s] -- Up-to-date: /opt/ros/humble/src/gmock_vendor/include/gmock/internal/custom
[0.120s] -- Up-to-date: /opt/ros/humble/src/gmock_vendor/include/gmock/internal/custom/gmock-generated-actions.h.pump
[0.120s] -- Up-to-date: /opt/ros/humble/src/gmock_vendor/include/gmock/internal/custom/gmock-port.h
[0.121s] -- Up-to-date: /opt/ros/humble/src/gmock_vendor/include/gmock/internal/custom/gmock-matchers.h
[0.121s] -- Up-to-date: /opt/ros/humble/src/gmock_vendor/include/gmock/internal/custom/gmock-generated-actions.h
[0.123s] -- Up-to-date: /opt/ros/humble/src/gmock_vendor/include/gmock/internal/custom/README.md
[0.124s] -- Up-to-date: /opt/ros/humble/src/gmock_vendor/include/gmock/gmock-function-mocker.h
[0.124s] -- Up-to-date: /opt/ros/humble/src/gmock_vendor/include/gmock/gmock-more-matchers.h
[0.124s] -- Up-to-date: /opt/ros/humble/src/gmock_vendor/include/gmock/gmock-generated-function-mockers.h
[0.126s] -- Up-to-date: /opt/ros/humble/src/gmock_vendor/include/gmock/gmock-cardinalities.h
[0.127s] -- Up-to-date: /opt/ros/humble/src/gmock_vendor/include/gmock/gmock-spec-builders.h
[0.127s] -- Up-to-date: /opt/ros/humble/src/gmock_vendor/include/gmock/gmock-nice-strict.h
[0.128s] -- Up-to-date: /opt/ros/humble/src/gmock_vendor/include/gmock/gmock.h
[0.129s] -- Up-to-date: /opt/ros/humble/src/gmock_vendor/include/gmock/gmock-actions.h
[0.130s] -- Up-to-date: /opt/ros/humble/src/gmock_vendor/src
[0.137s] -- Up-to-date: /opt/ros/humble/src/gmock_vendor/src/gmock-internal-utils.cc
[0.138s] -- Up-to-date: /opt/ros/humble/src/gmock_vendor/src/gmock-cardinalities.cc
[0.138s] -- Up-to-date: /opt/ros/humble/src/gmock_vendor/src/gmock_main.cc
[0.139s] -- Up-to-date: /opt/ros/humble/src/gmock_vendor/src/gmock-matchers.cc
[0.140s] -- Up-to-date: /opt/ros/humble/src/gmock_vendor/src/gmock-all.cc
[0.140s] -- Up-to-date: /opt/ros/humble/src/gmock_vendor/src/gmock-spec-builders.cc
[0.143s] -- Up-to-date: /opt/ros/humble/src/gmock_vendor/src/gmock.cc
[0.144s] Invoked command in '/workspace/ros2_ws/build/gmock_vendor' returned '0': CMAKE_PREFIX_PATH=/opt/ros/humble LD_LIBRARY_PATH=/opt/ros/humble/lib PATH=/opt/ros/humble/bin:${PATH} PKG_CONFIG_PATH=/opt/ros/humble/lib/aarch64-linux-gnu/pkgconfig:/opt/ros/humble/lib/pkgconfig PYTHONPATH=/opt/ros/humble/lib/python3.10/site-packages /usr/bin/cmake --install /workspace/ros2_ws/build/gmock_vendor
