running egg_info
writing ../../../../build/ament_lint/ament_lint.egg-info/PKG-INFO
writing dependency_links to ../../../../build/ament_lint/ament_lint.egg-info/dependency_links.txt
writing entry points to ../../../../build/ament_lint/ament_lint.egg-info/entry_points.txt
writing requirements to ../../../../build/ament_lint/ament_lint.egg-info/requires.txt
writing top-level names to ../../../../build/ament_lint/ament_lint.egg-info/top_level.txt
reading manifest file '../../../../build/ament_lint/ament_lint.egg-info/SOURCES.txt'
writing manifest file '../../../../build/ament_lint/ament_lint.egg-info/SOURCES.txt'
running build
running build_py
running install
running install_lib
creating /opt/ros/humble/lib/python3.10/site-packages/ament_lint
copying /workspace/ros2_ws/build/ament_lint/build/lib/ament_lint/__init__.py -> /opt/ros/humble/lib/python3.10/site-packages/ament_lint
copying /workspace/ros2_ws/build/ament_lint/build/lib/ament_lint/pytest_marker.py -> /opt/ros/humble/lib/python3.10/site-packages/ament_lint
byte-compiling /opt/ros/humble/lib/python3.10/site-packages/ament_lint/__init__.py to __init__.cpython-310.pyc
byte-compiling /opt/ros/humble/lib/python3.10/site-packages/ament_lint/pytest_marker.py to pytest_marker.cpython-310.pyc
running install_data
copying package.xml -> /opt/ros/humble/share/ament_lint
creating /opt/ros/humble/share/ament_index
creating /opt/ros/humble/share/ament_index/resource_index
creating /opt/ros/humble/share/ament_index/resource_index/packages
copying resource/ament_lint -> /opt/ros/humble/share/ament_index/resource_index/packages
running install_egg_info
Copying ../../../../build/ament_lint/ament_lint.egg-info to /opt/ros/humble/lib/python3.10/site-packages/ament_lint-0.12.15-py3.10.egg-info
running install_scripts
writing list of installed files to '/workspace/ros2_ws/build/ament_lint/install.log'
