[0.464s] Invoking command in '/workspace/ros2_ws/src/ament/ament_package': PYTHONPATH=/workspace/ros2_ws/build/ament_package/prefix_override:/usr/local/lib/python3.10/dist-packages/colcon_core/task/python/colcon_distutils_commands:/opt/ros/humble/lib/python3.10/site-packages: /usr/bin/python3 -W ignore:setup.py install is deprecated -W ignore:easy_install command is deprecated setup.py egg_info --egg-base ../../../build/ament_package build --build-base /workspace/ros2_ws/build/ament_package/build install --record /workspace/ros2_ws/build/ament_package/install.log --single-version-externally-managed install_data
[0.547s] running egg_info
[0.547s] writing ../../../build/ament_package/ament_package.egg-info/PKG-INFO
[0.548s] writing dependency_links to ../../../build/ament_package/ament_package.egg-info/dependency_links.txt
[0.550s] writing requirements to ../../../build/ament_package/ament_package.egg-info/requires.txt
[0.550s] writing top-level names to ../../../build/ament_package/ament_package.egg-info/top_level.txt
[0.557s] reading manifest file '../../../build/ament_package/ament_package.egg-info/SOURCES.txt'
[0.558s] adding license file 'LICENSE'
[0.560s] writing manifest file '../../../build/ament_package/ament_package.egg-info/SOURCES.txt'
[0.561s] running build
[0.562s] running build_py
[0.580s] running install
[0.580s] running install_lib
[0.583s] running install_data
[0.584s] running install_egg_info
[0.584s] removing '/opt/ros/humble/lib/python3.10/site-packages/ament_package-0.14.2-py3.10.egg-info' (and everything under it)
[0.584s] Copying ../../../build/ament_package/ament_package.egg-info to /opt/ros/humble/lib/python3.10/site-packages/ament_package-0.14.2-py3.10.egg-info
[0.585s] running install_scripts
[0.600s] writing list of installed files to '/workspace/ros2_ws/build/ament_package/install.log'
[0.654s] Invoked command in '/workspace/ros2_ws/src/ament/ament_package' returned '0': PYTHONPATH=/workspace/ros2_ws/build/ament_package/prefix_override:/usr/local/lib/python3.10/dist-packages/colcon_core/task/python/colcon_distutils_commands:/opt/ros/humble/lib/python3.10/site-packages: /usr/bin/python3 -W ignore:setup.py install is deprecated -W ignore:easy_install command is deprecated setup.py egg_info --egg-base ../../../build/ament_package build --build-base /workspace/ros2_ws/build/ament_package/build install --record /workspace/ros2_ws/build/ament_package/install.log --single-version-externally-managed install_data
