[0.639s] Invoking command in '/workspace/ros2_ws/src/ament/ament_lint/ament_cppcheck': PYTHONPATH=/workspace/ros2_ws/build/ament_cppcheck/prefix_override:/usr/local/lib/python3.10/dist-packages/colcon_core/task/python/colcon_distutils_commands:/opt/ros/humble/lib/python3.10/site-packages: /usr/bin/python3 -W ignore:setup.py install is deprecated -W ignore:easy_install command is deprecated setup.py egg_info --egg-base ../../../../build/ament_cppcheck build --build-base /workspace/ros2_ws/build/ament_cppcheck/build install --record /workspace/ros2_ws/build/ament_cppcheck/install.log --single-version-externally-managed install_data
[0.682s] running egg_info
[0.683s] writing ../../../../build/ament_cppcheck/ament_cppcheck.egg-info/PKG-INFO
[0.684s] writing dependency_links to ../../../../build/ament_cppcheck/ament_cppcheck.egg-info/dependency_links.txt
[0.688s] writing entry points to ../../../../build/ament_cppcheck/ament_cppcheck.egg-info/entry_points.txt
[0.689s] writing requirements to ../../../../build/ament_cppcheck/ament_cppcheck.egg-info/requires.txt
[0.690s] writing top-level names to ../../../../build/ament_cppcheck/ament_cppcheck.egg-info/top_level.txt
[0.722s] reading manifest file '../../../../build/ament_cppcheck/ament_cppcheck.egg-info/SOURCES.txt'
[0.730s] writing manifest file '../../../../build/ament_cppcheck/ament_cppcheck.egg-info/SOURCES.txt'
[0.735s] running build
[0.736s] running build_py
[0.737s] running install
[0.738s] running install_lib
[0.738s] running install_data
[0.739s] running install_egg_info
[0.739s] removing '/opt/ros/humble/lib/python3.10/site-packages/ament_cppcheck-0.12.15-py3.10.egg-info' (and everything under it)
[0.740s] Copying ../../../../build/ament_cppcheck/ament_cppcheck.egg-info to /opt/ros/humble/lib/python3.10/site-packages/ament_cppcheck-0.12.15-py3.10.egg-info
[0.752s] running install_scripts
[0.752s] Installing ament_cppcheck script to /opt/ros/humble/bin
[0.754s] writing list of installed files to '/workspace/ros2_ws/build/ament_cppcheck/install.log'
[0.776s] Invoked command in '/workspace/ros2_ws/src/ament/ament_lint/ament_cppcheck' returned '0': PYTHONPATH=/workspace/ros2_ws/build/ament_cppcheck/prefix_override:/usr/local/lib/python3.10/dist-packages/colcon_core/task/python/colcon_distutils_commands:/opt/ros/humble/lib/python3.10/site-packages: /usr/bin/python3 -W ignore:setup.py install is deprecated -W ignore:easy_install command is deprecated setup.py egg_info --egg-base ../../../../build/ament_cppcheck build --build-base /workspace/ros2_ws/build/ament_cppcheck/build install --record /workspace/ros2_ws/build/ament_cppcheck/install.log --single-version-externally-managed install_data
