[0.017s] Invoking command in '/workspace/ros2_ws/build/gmock_vendor': CMAKE_PREFIX_PATH=/opt/ros/humble PATH=/opt/ros/humble/bin:${PATH} PKG_CONFIG_PATH=/opt/ros/humble/lib/aarch64-linux-gnu/pkgconfig:/opt/ros/humble/lib/pkgconfig PYTHONPATH=/opt/ros/humble/lib/python3.10/site-packages /usr/bin/cmake --build /workspace/ros2_ws/build/gmock_vendor -- -j5 -l5
[0.039s] Invoked command in '/workspace/ros2_ws/build/gmock_vendor' returned '0': CMAKE_PREFIX_PATH=/opt/ros/humble PATH=/opt/ros/humble/bin:${PATH} PKG_CONFIG_PATH=/opt/ros/humble/lib/aarch64-linux-gnu/pkgconfig:/opt/ros/humble/lib/pkgconfig PYTHONPATH=/opt/ros/humble/lib/python3.10/site-packages /usr/bin/cmake --build /workspace/ros2_ws/build/gmock_vendor -- -j5 -l5
[0.044s] Invoking command in '/workspace/ros2_ws/build/gmock_vendor': CMAKE_PREFIX_PATH=/opt/ros/humble PATH=/opt/ros/humble/bin:${PATH} PKG_CONFIG_PATH=/opt/ros/humble/lib/aarch64-linux-gnu/pkgconfig:/opt/ros/humble/lib/pkgconfig PYTHONPATH=/opt/ros/humble/lib/python3.10/site-packages /usr/bin/cmake --install /workspace/ros2_ws/build/gmock_vendor
[0.055s] -- Install configuration: "Release"
[0.057s] -- Up-to-date: /opt/ros/humble/share/gmock_vendor/cmake/gmock_vendorConfig.cmake
[0.058s] -- Up-to-date: /opt/ros/humble/share/gmock_vendor/package.xml
[0.059s] -- Up-to-date: /opt/ros/humble/src/gmock_vendor/CMakeLists.txt
[0.060s] -- Up-to-date: /opt/ros/humble/src/gmock_vendor/include/gmock
[0.063s] -- Up-to-date: /opt/ros/humble/src/gmock_vendor/include/gmock/gmock-generated-actions.h.pump
[0.063s] -- Up-to-date: /opt/ros/humble/src/gmock_vendor/include/gmock/gmock-generated-function-mockers.h.pump
[0.065s] -- Up-to-date: /opt/ros/humble/src/gmock_vendor/include/gmock/gmock-matchers.h
[0.066s] -- Up-to-date: /opt/ros/humble/src/gmock_vendor/include/gmock/gmock-more-actions.h
[0.066s] -- Up-to-date: /opt/ros/humble/src/gmock_vendor/include/gmock/gmock-generated-matchers.h.pump
[0.067s] -- Up-to-date: /opt/ros/humble/src/gmock_vendor/include/gmock/gmock-generated-actions.h
[0.067s] -- Up-to-date: /opt/ros/humble/src/gmock_vendor/include/gmock/gmock-generated-matchers.h
[0.070s] -- Up-to-date: /opt/ros/humble/src/gmock_vendor/include/gmock/internal
[0.070s] -- Up-to-date: /opt/ros/humble/src/gmock_vendor/include/gmock/internal/gmock-port.h
[0.071s] -- Up-to-date: /opt/ros/humble/src/gmock_vendor/include/gmock/internal/gmock-internal-utils.h
[0.071s] -- Up-to-date: /opt/ros/humble/src/gmock_vendor/include/gmock/internal/gmock-pp.h
[0.071s] -- Up-to-date: /opt/ros/humble/src/gmock_vendor/include/gmock/internal/custom
[0.072s] -- Up-to-date: /opt/ros/humble/src/gmock_vendor/include/gmock/internal/custom/gmock-generated-actions.h.pump
[0.073s] -- Up-to-date: /opt/ros/humble/src/gmock_vendor/include/gmock/internal/custom/gmock-port.h
[0.073s] -- Up-to-date: /opt/ros/humble/src/gmock_vendor/include/gmock/internal/custom/gmock-matchers.h
[0.074s] -- Up-to-date: /opt/ros/humble/src/gmock_vendor/include/gmock/internal/custom/gmock-generated-actions.h
[0.074s] -- Up-to-date: /opt/ros/humble/src/gmock_vendor/include/gmock/internal/custom/README.md
[0.074s] -- Up-to-date: /opt/ros/humble/src/gmock_vendor/include/gmock/gmock-function-mocker.h
[0.075s] -- Up-to-date: /opt/ros/humble/src/gmock_vendor/include/gmock/gmock-more-matchers.h
[0.075s] -- Up-to-date: /opt/ros/humble/src/gmock_vendor/include/gmock/gmock-generated-function-mockers.h
[0.075s] -- Up-to-date: /opt/ros/humble/src/gmock_vendor/include/gmock/gmock-cardinalities.h
[0.075s] -- Up-to-date: /opt/ros/humble/src/gmock_vendor/include/gmock/gmock-spec-builders.h
[0.076s] -- Up-to-date: /opt/ros/humble/src/gmock_vendor/include/gmock/gmock-nice-strict.h
[0.078s] -- Up-to-date: /opt/ros/humble/src/gmock_vendor/include/gmock/gmock.h
[0.081s] -- Up-to-date: /opt/ros/humble/src/gmock_vendor/include/gmock/gmock-actions.h
[0.085s] -- Up-to-date: /opt/ros/humble/src/gmock_vendor/src
[0.086s] -- Up-to-date: /opt/ros/humble/src/gmock_vendor/src/gmock-internal-utils.cc
[0.086s] -- Up-to-date: /opt/ros/humble/src/gmock_vendor/src/gmock-cardinalities.cc
[0.087s] -- Up-to-date: /opt/ros/humble/src/gmock_vendor/src/gmock_main.cc
[0.089s] -- Up-to-date: /opt/ros/humble/src/gmock_vendor/src/gmock-matchers.cc
[0.090s] -- Up-to-date: /opt/ros/humble/src/gmock_vendor/src/gmock-all.cc
[0.091s] -- Up-to-date: /opt/ros/humble/src/gmock_vendor/src/gmock-spec-builders.cc
[0.092s] -- Up-to-date: /opt/ros/humble/src/gmock_vendor/src/gmock.cc
[0.094s] Invoked command in '/workspace/ros2_ws/build/gmock_vendor' returned '0': CMAKE_PREFIX_PATH=/opt/ros/humble PATH=/opt/ros/humble/bin:${PATH} PKG_CONFIG_PATH=/opt/ros/humble/lib/aarch64-linux-gnu/pkgconfig:/opt/ros/humble/lib/pkgconfig PYTHONPATH=/opt/ros/humble/lib/python3.10/site-packages /usr/bin/cmake --install /workspace/ros2_ws/build/gmock_vendor
