-- Install configuration: ""
-- Installing: /workspace/ros2_ws/install/share/gmock_vendor/cmake/gmock_vendorConfig.cmake
-- Installing: /workspace/ros2_ws/install/share/gmock_vendor/package.xml
-- Installing: /workspace/ros2_ws/install/src/gmock_vendor/CMakeLists.txt
-- Installing: /workspace/ros2_ws/install/src/gmock_vendor/include/gmock
-- Installing: /workspace/ros2_ws/install/src/gmock_vendor/include/gmock/gmock-generated-actions.h.pump
-- Installing: /workspace/ros2_ws/install/src/gmock_vendor/include/gmock/gmock-generated-function-mockers.h.pump
-- Installing: /workspace/ros2_ws/install/src/gmock_vendor/include/gmock/gmock-matchers.h
-- Installing: /workspace/ros2_ws/install/src/gmock_vendor/include/gmock/gmock-more-actions.h
-- Installing: /workspace/ros2_ws/install/src/gmock_vendor/include/gmock/gmock-generated-matchers.h.pump
-- Installing: /workspace/ros2_ws/install/src/gmock_vendor/include/gmock/gmock-generated-actions.h
-- Installing: /workspace/ros2_ws/install/src/gmock_vendor/include/gmock/gmock-generated-matchers.h
-- Installing: /workspace/ros2_ws/install/src/gmock_vendor/include/gmock/internal
-- Installing: /workspace/ros2_ws/install/src/gmock_vendor/include/gmock/internal/gmock-port.h
-- Installing: /workspace/ros2_ws/install/src/gmock_vendor/include/gmock/internal/gmock-internal-utils.h
-- Installing: /workspace/ros2_ws/install/src/gmock_vendor/include/gmock/internal/gmock-pp.h
-- Installing: /workspace/ros2_ws/install/src/gmock_vendor/include/gmock/internal/custom
-- Installing: /workspace/ros2_ws/install/src/gmock_vendor/include/gmock/internal/custom/gmock-generated-actions.h.pump
-- Installing: /workspace/ros2_ws/install/src/gmock_vendor/include/gmock/internal/custom/gmock-port.h
-- Installing: /workspace/ros2_ws/install/src/gmock_vendor/include/gmock/internal/custom/gmock-matchers.h
-- Installing: /workspace/ros2_ws/install/src/gmock_vendor/include/gmock/internal/custom/gmock-generated-actions.h
-- Installing: /workspace/ros2_ws/install/src/gmock_vendor/include/gmock/internal/custom/README.md
-- Installing: /workspace/ros2_ws/install/src/gmock_vendor/include/gmock/gmock-function-mocker.h
-- Installing: /workspace/ros2_ws/install/src/gmock_vendor/include/gmock/gmock-more-matchers.h
-- Installing: /workspace/ros2_ws/install/src/gmock_vendor/include/gmock/gmock-generated-function-mockers.h
-- Installing: /workspace/ros2_ws/install/src/gmock_vendor/include/gmock/gmock-cardinalities.h
-- Installing: /workspace/ros2_ws/install/src/gmock_vendor/include/gmock/gmock-spec-builders.h
-- Installing: /workspace/ros2_ws/install/src/gmock_vendor/include/gmock/gmock-nice-strict.h
-- Installing: /workspace/ros2_ws/install/src/gmock_vendor/include/gmock/gmock.h
-- Installing: /workspace/ros2_ws/install/src/gmock_vendor/include/gmock/gmock-actions.h
-- Installing: /workspace/ros2_ws/install/src/gmock_vendor/src
-- Installing: /workspace/ros2_ws/install/src/gmock_vendor/src/gmock-internal-utils.cc
-- Installing: /workspace/ros2_ws/install/src/gmock_vendor/src/gmock-cardinalities.cc
-- Installing: /workspace/ros2_ws/install/src/gmock_vendor/src/gmock_main.cc
-- Installing: /workspace/ros2_ws/install/src/gmock_vendor/src/gmock-matchers.cc
-- Installing: /workspace/ros2_ws/install/src/gmock_vendor/src/gmock-all.cc
-- Installing: /workspace/ros2_ws/install/src/gmock_vendor/src/gmock-spec-builders.cc
-- Installing: /workspace/ros2_ws/install/src/gmock_vendor/src/gmock.cc
