[0.179s] Invoking command in '/workspace/ros2_ws/build/gmock_vendor': CMAKE_PREFIX_PATH=/workspace/ros2_ws/install PATH=/workspace/ros2_ws/install/bin:${PATH} PKG_CONFIG_PATH=/workspace/ros2_ws/install/lib/x86_64-linux-gnu/pkgconfig:/workspace/ros2_ws/install/lib/pkgconfig PYTHONPATH=/workspace/ros2_ws/install/lib/python3.10/site-packages /usr/bin/cmake --build /workspace/ros2_ws/build/gmock_vendor -- -j5 -l5
[0.542s] Invoked command in '/workspace/ros2_ws/build/gmock_vendor' returned '0': CMAKE_PREFIX_PATH=/workspace/ros2_ws/install PATH=/workspace/ros2_ws/install/bin:${PATH} PKG_CONFIG_PATH=/workspace/ros2_ws/install/lib/x86_64-linux-gnu/pkgconfig:/workspace/ros2_ws/install/lib/pkgconfig PYTHONPATH=/workspace/ros2_ws/install/lib/python3.10/site-packages /usr/bin/cmake --build /workspace/ros2_ws/build/gmock_vendor -- -j5 -l5
[0.551s] Invoking command in '/workspace/ros2_ws/build/gmock_vendor': CMAKE_PREFIX_PATH=/workspace/ros2_ws/install PATH=/workspace/ros2_ws/install/bin:${PATH} PKG_CONFIG_PATH=/workspace/ros2_ws/install/lib/x86_64-linux-gnu/pkgconfig:/workspace/ros2_ws/install/lib/pkgconfig PYTHONPATH=/workspace/ros2_ws/install/lib/python3.10/site-packages /usr/bin/cmake --install /workspace/ros2_ws/build/gmock_vendor
[0.616s] -- Install configuration: ""
[0.618s] -- Installing: /workspace/ros2_ws/install/share/gmock_vendor/cmake/gmock_vendorConfig.cmake
[0.621s] -- Installing: /workspace/ros2_ws/install/share/gmock_vendor/package.xml
[0.623s] -- Installing: /workspace/ros2_ws/install/src/gmock_vendor/CMakeLists.txt
[0.624s] -- Installing: /workspace/ros2_ws/install/src/gmock_vendor/include/gmock
[0.626s] -- Installing: /workspace/ros2_ws/install/src/gmock_vendor/include/gmock/gmock-generated-actions.h.pump
[0.628s] -- Installing: /workspace/ros2_ws/install/src/gmock_vendor/include/gmock/gmock-generated-function-mockers.h.pump
[0.630s] -- Installing: /workspace/ros2_ws/install/src/gmock_vendor/include/gmock/gmock-matchers.h
[0.634s] -- Installing: /workspace/ros2_ws/install/src/gmock_vendor/include/gmock/gmock-more-actions.h
[0.637s] -- Installing: /workspace/ros2_ws/install/src/gmock_vendor/include/gmock/gmock-generated-matchers.h.pump
[0.639s] -- Installing: /workspace/ros2_ws/install/src/gmock_vendor/include/gmock/gmock-generated-actions.h
[0.642s] -- Installing: /workspace/ros2_ws/install/src/gmock_vendor/include/gmock/gmock-generated-matchers.h
[0.644s] -- Installing: /workspace/ros2_ws/install/src/gmock_vendor/include/gmock/internal
[0.645s] -- Installing: /workspace/ros2_ws/install/src/gmock_vendor/include/gmock/internal/gmock-port.h
[0.647s] -- Installing: /workspace/ros2_ws/install/src/gmock_vendor/include/gmock/internal/gmock-internal-utils.h
[0.648s] -- Installing: /workspace/ros2_ws/install/src/gmock_vendor/include/gmock/internal/gmock-pp.h
[0.650s] -- Installing: /workspace/ros2_ws/install/src/gmock_vendor/include/gmock/internal/custom
[0.652s] -- Installing: /workspace/ros2_ws/install/src/gmock_vendor/include/gmock/internal/custom/gmock-generated-actions.h.pump
[0.653s] -- Installing: /workspace/ros2_ws/install/src/gmock_vendor/include/gmock/internal/custom/gmock-port.h
[0.671s] -- Installing: /workspace/ros2_ws/install/src/gmock_vendor/include/gmock/internal/custom/gmock-matchers.h
[0.672s] -- Installing: /workspace/ros2_ws/install/src/gmock_vendor/include/gmock/internal/custom/gmock-generated-actions.h
[0.672s] -- Installing: /workspace/ros2_ws/install/src/gmock_vendor/include/gmock/internal/custom/README.md
[0.673s] -- Installing: /workspace/ros2_ws/install/src/gmock_vendor/include/gmock/gmock-function-mocker.h
[0.674s] -- Installing: /workspace/ros2_ws/install/src/gmock_vendor/include/gmock/gmock-more-matchers.h
[0.674s] -- Installing: /workspace/ros2_ws/install/src/gmock_vendor/include/gmock/gmock-generated-function-mockers.h
[0.675s] -- Installing: /workspace/ros2_ws/install/src/gmock_vendor/include/gmock/gmock-cardinalities.h
[0.676s] -- Installing: /workspace/ros2_ws/install/src/gmock_vendor/include/gmock/gmock-spec-builders.h
[0.676s] -- Installing: /workspace/ros2_ws/install/src/gmock_vendor/include/gmock/gmock-nice-strict.h
[0.679s] -- Installing: /workspace/ros2_ws/install/src/gmock_vendor/include/gmock/gmock.h
[0.680s] -- Installing: /workspace/ros2_ws/install/src/gmock_vendor/include/gmock/gmock-actions.h
[0.683s] -- Installing: /workspace/ros2_ws/install/src/gmock_vendor/src
[0.687s] -- Installing: /workspace/ros2_ws/install/src/gmock_vendor/src/gmock-internal-utils.cc
[0.687s] -- Installing: /workspace/ros2_ws/install/src/gmock_vendor/src/gmock-cardinalities.cc
[0.687s] -- Installing: /workspace/ros2_ws/install/src/gmock_vendor/src/gmock_main.cc
[0.687s] -- Installing: /workspace/ros2_ws/install/src/gmock_vendor/src/gmock-matchers.cc
[0.687s] -- Installing: /workspace/ros2_ws/install/src/gmock_vendor/src/gmock-all.cc
[0.687s] -- Installing: /workspace/ros2_ws/install/src/gmock_vendor/src/gmock-spec-builders.cc
[0.687s] -- Installing: /workspace/ros2_ws/install/src/gmock_vendor/src/gmock.cc
[1.304s] Invoked command in '/workspace/ros2_ws/build/gmock_vendor' returned '0': CMAKE_PREFIX_PATH=/workspace/ros2_ws/install PATH=/workspace/ros2_ws/install/bin:${PATH} PKG_CONFIG_PATH=/workspace/ros2_ws/install/lib/x86_64-linux-gnu/pkgconfig:/workspace/ros2_ws/install/lib/pkgconfig PYTHONPATH=/workspace/ros2_ws/install/lib/python3.10/site-packages /usr/bin/cmake --install /workspace/ros2_ws/build/gmock_vendor
