[1.359s] Invoking command in '/workspace/ros2_ws/src/ament/ament_lint/ament_lint': PYTHONPATH=/workspace/ros2_ws/build/ament_lint/prefix_override:/usr/local/lib/python3.10/dist-packages/colcon_core/task/python/colcon_distutils_commands:/workspace/ros2_ws/install/lib/python3.10/site-packages: /usr/bin/python3 -W ignore:setup.py install is deprecated -W ignore:easy_install command is deprecated setup.py egg_info --egg-base ../../../../build/ament_lint build --build-base /workspace/ros2_ws/build/ament_lint/build install --record /workspace/ros2_ws/build/ament_lint/install.log --single-version-externally-managed install_data
[1.607s] running egg_info
[1.609s] creating ../../../../build/ament_lint/ament_lint.egg-info
[1.610s] writing ../../../../build/ament_lint/ament_lint.egg-info/PKG-INFO
[1.612s] writing dependency_links to ../../../../build/ament_lint/ament_lint.egg-info/dependency_links.txt
[1.614s] writing entry points to ../../../../build/ament_lint/ament_lint.egg-info/entry_points.txt
[1.615s] writing requirements to ../../../../build/ament_lint/ament_lint.egg-info/requires.txt
[1.616s] writing top-level names to ../../../../build/ament_lint/ament_lint.egg-info/top_level.txt
[1.618s] writing manifest file '../../../../build/ament_lint/ament_lint.egg-info/SOURCES.txt'
[1.622s] reading manifest file '../../../../build/ament_lint/ament_lint.egg-info/SOURCES.txt'
[1.625s] writing manifest file '../../../../build/ament_lint/ament_lint.egg-info/SOURCES.txt'
[1.626s] running build
[1.626s] running build_py
[1.627s] creating /workspace/ros2_ws/build/ament_lint/build
[1.629s] creating /workspace/ros2_ws/build/ament_lint/build/lib
[1.629s] creating /workspace/ros2_ws/build/ament_lint/build/lib/ament_lint
[1.630s] copying ament_lint/__init__.py -> /workspace/ros2_ws/build/ament_lint/build/lib/ament_lint
[1.631s] copying ament_lint/pytest_marker.py -> /workspace/ros2_ws/build/ament_lint/build/lib/ament_lint
[1.632s] running install
[1.634s] running install_lib
[1.634s] creating /workspace/ros2_ws/install/lib/python3.10/site-packages/ament_lint
[1.635s] copying /workspace/ros2_ws/build/ament_lint/build/lib/ament_lint/__init__.py -> /workspace/ros2_ws/install/lib/python3.10/site-packages/ament_lint
[1.639s] copying /workspace/ros2_ws/build/ament_lint/build/lib/ament_lint/pytest_marker.py -> /workspace/ros2_ws/install/lib/python3.10/site-packages/ament_lint
[1.646s] byte-compiling /workspace/ros2_ws/install/lib/python3.10/site-packages/ament_lint/__init__.py to __init__.cpython-310.pyc
[1.651s] byte-compiling /workspace/ros2_ws/install/lib/python3.10/site-packages/ament_lint/pytest_marker.py to pytest_marker.cpython-310.pyc
[1.655s] running install_data
[1.655s] copying package.xml -> /workspace/ros2_ws/install/share/ament_lint
[1.658s] copying resource/ament_lint -> /workspace/ros2_ws/install/share/ament_index/resource_index/packages
[1.659s] running install_egg_info
[1.663s] Copying ../../../../build/ament_lint/ament_lint.egg-info to /workspace/ros2_ws/install/lib/python3.10/site-packages/ament_lint-0.12.15-py3.10.egg-info
[1.676s] running install_scripts
[1.715s] writing list of installed files to '/workspace/ros2_ws/build/ament_lint/install.log'
[1.915s] Invoked command in '/workspace/ros2_ws/src/ament/ament_lint/ament_lint' returned '0': PYTHONPATH=/workspace/ros2_ws/build/ament_lint/prefix_override:/usr/local/lib/python3.10/dist-packages/colcon_core/task/python/colcon_distutils_commands:/workspace/ros2_ws/install/lib/python3.10/site-packages: /usr/bin/python3 -W ignore:setup.py install is deprecated -W ignore:easy_install command is deprecated setup.py egg_info --egg-base ../../../../build/ament_lint build --build-base /workspace/ros2_ws/build/ament_lint/build install --record /workspace/ros2_ws/build/ament_lint/install.log --single-version-externally-managed install_data
